2026-09-10 11:28:52 Sources count: 7
2026-09-10 11:28:52 Downloading igareck_black_mobile_gitlab
2026-09-10 11:28:55 Downloading igareck_white_mobile_gitlab
2026-09-10 11:28:58 Downloading igareck_black_mobile_codeberg
2026-09-10 11:29:02 Downloading igareck_black_full_gitlab
2026-09-10 11:29:05 Downloading igareck_white_full_gitlab
2026-09-10 11:29:08 Downloading igareck_black_mobile_jsdelivr
2026-09-10 11:29:11 SKIP hidashimora_collection: empty url
2026-09-10 11:29:14 Collection finished
2026-09-10 11:29:14 Collected chars: 85049
2026-09-10 11:32:39 Sources count: 7
2026-09-10 11:32:39 Downloading igareck_black_mobile_gitlab
2026-09-10 11:32:42 Downloading igareck_white_mobile_gitlab
2026-09-10 11:32:45 Downloading igareck_black_mobile_codeberg
2026-09-10 11:32:48 Downloading igareck_black_full_gitlab
2026-09-10 11:32:52 Downloading igareck_white_full_gitlab
2026-09-10 11:32:55 Downloading igareck_black_mobile_jsdelivr
2026-09-10 11:32:58 SKIP hidashimora_collection: empty url
2026-09-10 11:33:01 Collection finished
2026-09-10 11:33:01 Collected chars: 85049
2026-09-10 11:57:37 Sources count: 7
2026-09-10 11:57:37 Downloading igareck_black_mobile_gitlab
2026-09-10 11:57:38 ERROR igareck_black_mobile_gitlab: HTTP Error 403: Forbidden
2026-09-10 11:57:38 Downloading igareck_white_mobile_gitlab
2026-09-10 11:57:38 ERROR igareck_white_mobile_gitlab: HTTP Error 403: Forbidden
2026-09-10 11:57:38 Downloading igareck_black_full_gitlab
2026-09-10 11:57:38 ERROR igareck_black_full_gitlab: HTTP Error 403: Forbidden
2026-09-10 11:57:38 Downloading igareck_white_full_gitlab
2026-09-10 11:57:39 ERROR igareck_white_full_gitlab: HTTP Error 403: Forbidden
2026-09-10 11:57:39 Downloading igareck_black_mobile_codeberg
2026-09-10 11:57:40 ERROR igareck_black_mobile_codeberg: HTTP Error 404: Not Found
2026-09-10 11:57:40 Downloading igareck_white_full_gitlab_mirror
2026-09-10 11:57:40 ERROR igareck_white_full_gitlab_mirror: HTTP Error 403: Forbidden
2026-09-10 11:57:40 Downloading igareck_black_mobile_gitlab_jsdelivr
2026-09-10 11:57:44 ERROR igareck_black_mobile_gitlab_jsdelivr: HTTP Error 404: Not Found
2026-09-10 11:57:44 Collection finished sources=7 success=0 chars=0
2026-09-10 12:02:42 Sources count: 7
2026-09-10 12:02:42 Downloading igareck_black_mobile_gitlab
2026-09-10 12:02:43 ERROR igareck_black_mobile_gitlab: HTTP Error 403: Forbidden
2026-09-10 12:02:43 Downloading igareck_white_mobile_gitlab
2026-09-10 12:02:43 ERROR igareck_white_mobile_gitlab: HTTP Error 403: Forbidden
2026-09-10 12:02:43 Downloading igareck_black_full_gitlab
2026-09-10 12:02:43 ERROR igareck_black_full_gitlab: HTTP Error 403: Forbidden
2026-09-10 12:02:43 Downloading igareck_white_full_gitlab
2026-09-10 12:02:43 ERROR igareck_white_full_gitlab: HTTP Error 403: Forbidden
2026-09-10 12:02:43 Downloading igareck_black_mobile_codeberg
2026-09-10 12:02:43 ERROR igareck_black_mobile_codeberg: HTTP Error 404: Not Found
2026-09-10 12:02:43 Downloading igareck_white_full_gitlab_mirror
2026-09-10 12:02:43 ERROR igareck_white_full_gitlab_mirror: HTTP Error 403: Forbidden
2026-09-10 12:02:43 Downloading igareck_black_mobile_gitlab_jsdelivr
2026-09-10 12:02:44 ERROR igareck_black_mobile_gitlab_jsdelivr: HTTP Error 404: Not Found
2026-09-10 12:02:44 Collection finished sources=7 success=0 failed=7 chars=0
2026-09-10 12:09:37 Sources count: 7
2026-09-10 12:09:37 Downloading igareck_black_mobile_gitlab
2026-09-10 12:09:37 ERROR igareck_black_mobile_gitlab: HTTP Error 403: Forbidden
2026-09-10 12:09:37 Downloading igareck_white_mobile_gitlab
2026-09-10 12:09:37 ERROR igareck_white_mobile_gitlab: HTTP Error 403: Forbidden
2026-09-10 12:09:37 Downloading igareck_black_full_gitlab
2026-09-10 12:09:38 ERROR igareck_black_full_gitlab: HTTP Error 403: Forbidden
2026-09-10 12:09:38 Downloading igareck_white_full_gitlab
2026-09-10 12:09:38 ERROR igareck_white_full_gitlab: HTTP Error 403: Forbidden
2026-09-10 12:09:38 Downloading igareck_black_mobile_codeberg
2026-09-10 12:09:38 ERROR igareck_black_mobile_codeberg: HTTP Error 404: Not Found
2026-09-10 12:09:38 Downloading igareck_white_full_gitlab_mirror
2026-09-10 12:09:39 ERROR igareck_white_full_gitlab_mirror: HTTP Error 403: Forbidden
2026-09-10 12:09:39 Downloading igareck_black_mobile_gitlab_jsdelivr
2026-09-10 12:09:41 ERROR igareck_black_mobile_gitlab_jsdelivr: HTTP Error 404: Not Found
2026-09-10 12:09:41 Collection finished sources=7 success=0 failed=7 chars=0
2026-09-10 12:16:37 Sources count: 7
2026-09-10 12:16:37 Downloading igareck_black_mobile_gitlab
2026-09-10 12:16:37 ERROR igareck_black_mobile_gitlab: HTTP Error 403: Forbidden
2026-09-10 12:16:37 Downloading igareck_white_mobile_gitlab
2026-09-10 12:16:37 ERROR igareck_white_mobile_gitlab: HTTP Error 403: Forbidden
2026-09-10 12:16:37 Downloading igareck_black_full_gitlab
2026-09-10 12:16:38 ERROR igareck_black_full_gitlab: HTTP Error 403: Forbidden
2026-09-10 12:16:38 Downloading igareck_white_full_gitlab
2026-09-10 12:16:38 ERROR igareck_white_full_gitlab: HTTP Error 403: Forbidden
2026-09-10 12:16:38 Downloading igareck_black_mobile_codeberg
2026-09-10 12:16:39 ERROR igareck_black_mobile_codeberg: HTTP Error 404: Not Found
2026-09-10 12:16:39 Downloading igareck_white_full_gitlab_mirror
2026-09-10 12:16:39 ERROR igareck_white_full_gitlab_mirror: HTTP Error 403: Forbidden
2026-09-10 12:16:39 Downloading igareck_black_mobile_gitlab_jsdelivr
2026-09-10 12:16:39 ERROR igareck_black_mobile_gitlab_jsdelivr: HTTP Error 404: Not Found
2026-09-10 12:16:39 Collection finished sources=7 success=0 failed=7 chars=0
2026-09-10 12:20:46 Sources count: 7
2026-09-10 12:20:46 Downloading igareck_black_mobile_gitlab
2026-09-10 12:20:47 ERROR igareck_black_mobile_gitlab: HTTP Error 403: Forbidden
2026-09-10 12:20:47 Downloading igareck_white_mobile_gitlab
2026-09-10 12:20:47 ERROR igareck_white_mobile_gitlab: HTTP Error 403: Forbidden
2026-09-10 12:20:47 Downloading igareck_black_full_gitlab
2026-09-10 12:20:47 ERROR igareck_black_full_gitlab: HTTP Error 403: Forbidden
2026-09-10 12:20:47 Downloading igareck_white_full_gitlab
2026-09-10 12:20:47 ERROR igareck_white_full_gitlab: HTTP Error 403: Forbidden
2026-09-10 12:20:47 Downloading igareck_black_mobile_codeberg
2026-09-10 12:20:48 ERROR igareck_black_mobile_codeberg: HTTP Error 404: Not Found
2026-09-10 12:20:48 Downloading igareck_white_full_gitlab_mirror
2026-09-10 12:20:48 ERROR igareck_white_full_gitlab_mirror: HTTP Error 403: Forbidden
2026-09-10 12:20:48 Downloading igareck_black_mobile_gitlab_jsdelivr
2026-09-10 12:20:48 ERROR igareck_black_mobile_gitlab_jsdelivr: HTTP Error 404: Not Found
2026-09-10 12:20:48 Collection finished sources=7 success=0 failed=7 chars=0
2026-09-10 12:22:26 Sources count: 7
2026-09-10 12:22:26 Downloading igareck_black_mobile_gitlab
2026-09-10 12:22:26 ERROR igareck_black_mobile_gitlab: HTTP Error 403: Forbidden
2026-09-10 12:22:26 Downloading igareck_white_mobile_gitlab
2026-09-10 12:22:26 ERROR igareck_white_mobile_gitlab: HTTP Error 403: Forbidden
2026-09-10 12:22:26 Downloading igareck_black_full_gitlab
2026-09-10 12:22:27 ERROR igareck_black_full_gitlab: HTTP Error 403: Forbidden
2026-09-10 12:22:27 Downloading igareck_white_full_gitlab
2026-09-10 12:22:27 ERROR igareck_white_full_gitlab: HTTP Error 403: Forbidden
2026-09-10 12:22:27 Downloading igareck_black_mobile_codeberg
2026-09-10 12:22:28 ERROR igareck_black_mobile_codeberg: HTTP Error 404: Not Found
2026-09-10 12:22:28 Downloading igareck_white_full_gitlab_mirror
2026-09-10 12:22:28 ERROR igareck_white_full_gitlab_mirror: HTTP Error 403: Forbidden
2026-09-10 12:22:28 Downloading igareck_black_mobile_gitlab_jsdelivr
2026-09-10 12:22:28 ERROR igareck_black_mobile_gitlab_jsdelivr: HTTP Error 404: Not Found
2026-09-10 12:22:28 Collection finished sources=7 success=0 failed=7 chars=0
2026-09-10 12:26:46 Sources count: 7
2026-09-10 12:26:46 Downloading igareck_black_mobile_gitlab
2026-09-10 12:26:46 ERROR igareck_black_mobile_gitlab: HTTP Error 403: Forbidden
2026-09-10 12:26:46 Downloading igareck_white_mobile_gitlab
2026-09-10 12:26:46 ERROR igareck_white_mobile_gitlab: HTTP Error 403: Forbidden
2026-09-10 12:26:46 Downloading igareck_black_full_gitlab
2026-09-10 12:26:46 ERROR igareck_black_full_gitlab: HTTP Error 403: Forbidden
2026-09-10 12:26:46 Downloading igareck_white_full_gitlab
2026-09-10 12:26:47 ERROR igareck_white_full_gitlab: HTTP Error 403: Forbidden
2026-09-10 12:26:47 Downloading igareck_black_mobile_codeberg
2026-09-10 12:26:47 ERROR igareck_black_mobile_codeberg: HTTP Error 404: Not Found
2026-09-10 12:26:47 Downloading igareck_white_full_gitlab_mirror
2026-09-10 12:26:47 ERROR igareck_white_full_gitlab_mirror: HTTP Error 403: Forbidden
2026-09-10 12:26:47 Downloading igareck_black_mobile_gitlab_jsdelivr
2026-09-10 12:26:48 ERROR igareck_black_mobile_gitlab_jsdelivr: HTTP Error 404: Not Found
2026-09-10 12:26:48 Collection finished sources=7 success=0 failed=7 chars=0
2026-09-10 12:35:10 Sources count: 7
2026-09-10 12:35:10 Downloading igareck_black_mobile_gitlab
2026-09-10 12:35:10 ERROR igareck_black_mobile_gitlab: HTTP Error 403: Forbidden
2026-09-10 12:35:10 Downloading igareck_white_mobile_gitlab
2026-09-10 12:35:10 ERROR igareck_white_mobile_gitlab: HTTP Error 403: Forbidden
2026-09-10 12:35:10 Downloading igareck_black_full_gitlab
2026-09-10 12:35:11 ERROR igareck_black_full_gitlab: HTTP Error 403: Forbidden
2026-09-10 12:35:11 Downloading igareck_white_full_gitlab
2026-09-10 12:35:11 ERROR igareck_white_full_gitlab: HTTP Error 403: Forbidden
2026-09-10 12:35:11 Downloading igareck_black_mobile_codeberg
2026-09-10 12:35:11 ERROR igareck_black_mobile_codeberg: HTTP Error 404: Not Found
2026-09-10 12:35:11 Downloading igareck_white_full_gitlab_mirror
2026-09-10 12:35:12 ERROR igareck_white_full_gitlab_mirror: HTTP Error 403: Forbidden
2026-09-10 12:35:12 Downloading igareck_black_mobile_gitlab_jsdelivr
2026-09-10 12:35:12 ERROR igareck_black_mobile_gitlab_jsdelivr: HTTP Error 404: Not Found
2026-09-10 12:35:12 Collection finished sources=7 success=0 failed=7 chars=0
2026-09-10 12:40:20 Sources count: 7
2026-09-10 12:40:20 Downloading igareck_black_mobile_gitlab
2026-09-10 12:40:21 ERROR igareck_black_mobile_gitlab: HTTP Error 403: Forbidden
2026-09-10 12:40:21 Downloading igareck_white_mobile_gitlab
2026-09-10 12:40:21 ERROR igareck_white_mobile_gitlab: HTTP Error 403: Forbidden
2026-09-10 12:40:21 Downloading igareck_black_full_gitlab
2026-09-10 12:40:21 ERROR igareck_black_full_gitlab: HTTP Error 403: Forbidden
2026-09-10 12:40:21 Downloading igareck_white_full_gitlab
2026-09-10 12:40:21 ERROR igareck_white_full_gitlab: HTTP Error 403: Forbidden
2026-09-10 12:40:21 Downloading igareck_black_mobile_codeberg
2026-09-10 12:40:22 ERROR igareck_black_mobile_codeberg: HTTP Error 404: Not Found
2026-09-10 12:40:22 Downloading igareck_white_full_gitlab_mirror
2026-09-10 12:40:22 ERROR igareck_white_full_gitlab_mirror: HTTP Error 403: Forbidden
2026-09-10 12:40:22 Downloading igareck_black_mobile_gitlab_jsdelivr
2026-09-10 12:40:22 ERROR igareck_black_mobile_gitlab_jsdelivr: HTTP Error 404: Not Found
2026-09-10 12:40:22 Collection finished sources=7 success=0 failed=7 chars=0
2026-09-10 18:10:52 Sources count: 7
2026-09-10 18:10:52 Downloading igareck_black_mobile_gitlab
2026-09-10 18:10:52 ERROR igareck_black_mobile_gitlab: HTTP Error 403: Forbidden
2026-09-10 18:10:52 Downloading igareck_white_mobile_gitlab
2026-09-10 18:10:53 ERROR igareck_white_mobile_gitlab: HTTP Error 403: Forbidden
2026-09-10 18:10:53 Downloading igareck_black_full_gitlab
2026-09-10 18:10:53 ERROR igareck_black_full_gitlab: HTTP Error 403: Forbidden
2026-09-10 18:10:53 Downloading igareck_white_full_gitlab
2026-09-10 18:10:53 ERROR igareck_white_full_gitlab: HTTP Error 403: Forbidden
2026-09-10 18:10:53 Downloading igareck_black_mobile_codeberg
2026-09-10 18:10:54 ERROR igareck_black_mobile_codeberg: HTTP Error 404: Not Found
2026-09-10 18:10:54 Downloading igareck_white_full_gitlab_mirror
2026-09-10 18:10:54 ERROR igareck_white_full_gitlab_mirror: HTTP Error 403: Forbidden
2026-09-10 18:10:54 Downloading igareck_black_mobile_gitlab_jsdelivr
2026-09-10 18:10:55 ERROR igareck_black_mobile_gitlab_jsdelivr: HTTP Error 404: Not Found
2026-09-10 18:10:55 Collection finished sources=7 success=0 failed=7 chars=0
2026-09-10 19:58:29 Sources count: 7
2026-09-10 19:58:29 Downloading igareck_black_mobile_gitlab
2026-09-10 19:58:29 ERROR igareck_black_mobile_gitlab: HTTP Error 403: Forbidden
2026-09-10 19:58:29 Downloading igareck_white_mobile_gitlab
2026-09-10 19:58:30 ERROR igareck_white_mobile_gitlab: HTTP Error 403: Forbidden
2026-09-10 19:58:30 Downloading igareck_black_full_gitlab
2026-09-10 19:58:30 ERROR igareck_black_full_gitlab: HTTP Error 403: Forbidden
2026-09-10 19:58:30 Downloading igareck_white_full_gitlab
2026-09-10 19:58:30 ERROR igareck_white_full_gitlab: HTTP Error 403: Forbidden
2026-09-10 19:58:30 Downloading igareck_black_mobile_codeberg
2026-09-10 19:58:30 ERROR igareck_black_mobile_codeberg: HTTP Error 404: Not Found
2026-09-10 19:58:30 Downloading igareck_white_full_gitlab_mirror
2026-09-10 19:58:31 ERROR igareck_white_full_gitlab_mirror: HTTP Error 403: Forbidden
2026-09-10 19:58:31 Downloading igareck_black_mobile_gitlab_jsdelivr
2026-09-10 19:58:31 ERROR igareck_black_mobile_gitlab_jsdelivr: HTTP Error 404: Not Found
2026-09-10 19:58:31 Collection finished sources=7 success=0 failed=7 chars=0
2026-09-10 20:37:34 Sources count: 7
2026-09-10 20:37:34 Downloading igareck_black_mobile_gitlab
2026-09-10 20:37:34 ERROR igareck_black_mobile_gitlab: HTTP Error 403: Forbidden
2026-09-10 20:37:34 Downloading igareck_white_mobile_gitlab
2026-09-10 20:37:35 ERROR igareck_white_mobile_gitlab: HTTP Error 403: Forbidden
2026-09-10 20:37:35 Downloading igareck_black_full_gitlab
2026-09-10 20:37:35 ERROR igareck_black_full_gitlab: HTTP Error 403: Forbidden
2026-09-10 20:37:35 Downloading igareck_white_full_gitlab
2026-09-10 20:37:36 ERROR igareck_white_full_gitlab: HTTP Error 403: Forbidden
2026-09-10 20:37:36 Downloading igareck_black_mobile_codeberg
2026-09-10 20:37:36 ERROR igareck_black_mobile_codeberg: HTTP Error 404: Not Found
2026-09-10 20:37:36 Downloading igareck_white_full_gitlab_mirror
2026-09-10 20:37:37 ERROR igareck_white_full_gitlab_mirror: HTTP Error 403: Forbidden
2026-09-10 20:37:37 Downloading igareck_black_mobile_gitlab_jsdelivr
2026-09-10 20:37:37 ERROR igareck_black_mobile_gitlab_jsdelivr: HTTP Error 404: Not Found
2026-09-10 20:37:37 Collection finished sources=7 success=0 failed=7 chars=0
2026-09-10 20:46:06 Sources count: 7
2026-09-10 20:46:06 Downloading igareck_black_mobile_gitlab
2026-09-10 20:46:07 ERROR igareck_black_mobile_gitlab: HTTP Error 403: Forbidden
2026-09-10 20:46:07 Downloading igareck_white_mobile_gitlab
2026-09-10 20:46:07 ERROR igareck_white_mobile_gitlab: HTTP Error 403: Forbidden
2026-09-10 20:46:07 Downloading igareck_black_full_gitlab
2026-09-10 20:46:07 ERROR igareck_black_full_gitlab: HTTP Error 403: Forbidden
2026-09-10 20:46:07 Downloading igareck_white_full_gitlab
2026-09-10 20:46:07 ERROR igareck_white_full_gitlab: HTTP Error 403: Forbidden
2026-09-10 20:46:07 Downloading igareck_black_mobile_codeberg
2026-09-10 20:46:07 ERROR igareck_black_mobile_codeberg: HTTP Error 404: Not Found
2026-09-10 20:46:07 Downloading igareck_white_full_gitlab_mirror
2026-09-10 20:46:08 ERROR igareck_white_full_gitlab_mirror: HTTP Error 403: Forbidden
2026-09-10 20:46:08 Downloading igareck_black_mobile_gitlab_jsdelivr
2026-09-10 20:46:08 ERROR igareck_black_mobile_gitlab_jsdelivr: HTTP Error 404: Not Found
2026-09-10 20:46:08 Collection finished sources=7 success=0 failed=7 chars=0
2026-09-10 20:48:44 Sources count: 7
2026-09-10 20:48:44 Downloading igareck_black_mobile_gitlab
2026-09-10 20:48:44 ERROR igareck_black_mobile_gitlab: HTTP Error 403: Forbidden
2026-09-10 20:48:44 Downloading igareck_white_mobile_gitlab
2026-09-10 20:48:44 ERROR igareck_white_mobile_gitlab: HTTP Error 403: Forbidden
2026-09-10 20:48:44 Downloading igareck_black_full_gitlab
2026-09-10 20:48:45 ERROR igareck_black_full_gitlab: HTTP Error 403: Forbidden
2026-09-10 20:48:45 Downloading igareck_white_full_gitlab
2026-09-10 20:48:45 ERROR igareck_white_full_gitlab: HTTP Error 403: Forbidden
2026-09-10 20:48:45 Downloading igareck_black_mobile_codeberg
2026-09-10 20:48:45 ERROR igareck_black_mobile_codeberg: HTTP Error 404: Not Found
2026-09-10 20:48:45 Downloading igareck_white_full_gitlab_mirror
2026-09-10 20:48:45 ERROR igareck_white_full_gitlab_mirror: HTTP Error 403: Forbidden
2026-09-10 20:48:45 Downloading igareck_black_mobile_gitlab_jsdelivr
2026-09-10 20:48:46 ERROR igareck_black_mobile_gitlab_jsdelivr: HTTP Error 404: Not Found
2026-09-10 20:48:46 Collection finished sources=7 success=0 failed=7 chars=0
2026-09-10 20:59:27 Sources count: 7
2026-09-10 20:59:27 Downloading igareck_black_mobile_gitlab
2026-09-10 20:59:28 ERROR igareck_black_mobile_gitlab: HTTP Error 403: Forbidden
2026-09-10 20:59:28 Downloading igareck_white_mobile_gitlab
2026-09-10 20:59:28 ERROR igareck_white_mobile_gitlab: HTTP Error 403: Forbidden
2026-09-10 20:59:28 Downloading igareck_black_full_gitlab
2026-09-10 20:59:28 ERROR igareck_black_full_gitlab: HTTP Error 403: Forbidden
2026-09-10 20:59:28 Downloading igareck_white_full_gitlab
2026-09-10 20:59:28 ERROR igareck_white_full_gitlab: HTTP Error 403: Forbidden
2026-09-10 20:59:28 Downloading igareck_black_mobile_codeberg
2026-09-10 20:59:29 ERROR igareck_black_mobile_codeberg: HTTP Error 404: Not Found
2026-09-10 20:59:29 Downloading igareck_white_full_gitlab_mirror
2026-09-10 20:59:29 ERROR igareck_white_full_gitlab_mirror: HTTP Error 403: Forbidden
2026-09-10 20:59:29 Downloading igareck_black_mobile_gitlab_jsdelivr
2026-09-10 20:59:29 ERROR igareck_black_mobile_gitlab_jsdelivr: HTTP Error 404: Not Found
2026-09-10 20:59:29 Collection finished sources=7 success=0 failed=7 chars=0
2026-09-10 21:06:18 Sources count: 5
2026-09-10 21:06:18 Downloading gwz_fast
2026-09-10 21:06:18 ERROR gwz_fast: HTTP Error 404: Not Found
2026-09-10 21:06:18 Downloading gwz_stable
2026-09-10 21:06:18 ERROR gwz_stable: HTTP Error 404: Not Found
2026-09-10 21:06:18 Downloading gwz_gitlab_backup
2026-09-10 21:06:18 ERROR gwz_gitlab_backup: HTTP Error 403: Forbidden
2026-09-10 21:06:18 Downloading gwz_codeberg_backup
2026-09-10 21:06:19 ERROR gwz_codeberg_backup: HTTP Error 404: Not Found
2026-09-10 21:06:19 Downloading igareck_black
2026-09-10 21:06:19 ERROR igareck_black: HTTP Error 403: Forbidden
2026-09-10 21:06:19 Collection finished sources=5 success=0 failed=5 chars=0
2026-09-10 21:13:05 Sources count: 5
2026-09-10 21:13:05 Downloading igareck_black_mobile_gitlab
2026-09-10 21:13:05 ERROR igareck_black_mobile_gitlab: HTTP Error 403: Forbidden
2026-09-10 21:13:05 Downloading igareck_white_mobile_gitlab
2026-09-10 21:13:06 ERROR igareck_white_mobile_gitlab: HTTP Error 403: Forbidden
2026-09-10 21:13:06 Downloading igareck_black_full_gitlab
2026-09-10 21:13:06 ERROR igareck_black_full_gitlab: HTTP Error 403: Forbidden
2026-09-10 21:13:06 Downloading igareck_white_full_gitlab
2026-09-10 21:13:06 ERROR igareck_white_full_gitlab: HTTP Error 403: Forbidden
2026-09-10 21:13:06 Downloading github_backup
2026-09-10 21:13:06 ERROR github_backup: HTTP Error 404: Not Found
2026-09-10 21:13:06 Collection finished sources=5 success=0 failed=5 chars=0
2026-09-10 21:46:28 Sources count: 2
2026-09-10 21:46:28 Downloading igareck_mobile
2026-09-10 21:46:28 Downloaded igareck_mobile chars=42776
2026-09-10 21:46:29 OK igareck_mobile links=49
2026-09-10 21:46:29 Downloading igareck_full
2026-09-10 21:46:29 Downloaded igareck_full chars=44664
2026-09-10 21:46:29 OK igareck_full links=115
2026-09-10 21:46:29 Collection finished sources=2 success=2 failed=0 before=164 after=148 sha256=d0b95f9506bc
2026-09-11 00:23:33 Sources count: 2
2026-09-11 00:23:33 Downloading igareck_mobile
2026-09-11 00:23:33 Downloaded igareck_mobile chars=45948
2026-09-11 00:23:33 OK igareck_mobile links=93
2026-09-11 00:23:33 Downloading igareck_full
2026-09-11 00:23:33 Downloaded igareck_full chars=45619
2026-09-11 00:23:33 OK igareck_full links=130
2026-09-11 00:23:33 Collection finished sources=2 success=2 failed=0 before=223 after=165 sha256=1cf3aabd4be4
2026-09-11 06:20:31 Sources count: 2
2026-09-11 06:20:31 Downloading igareck_mobile
2026-09-11 06:20:31 Downloaded igareck_mobile chars=56532
2026-09-11 06:20:31 OK igareck_mobile links=105
2026-09-11 06:20:31 Downloading igareck_full
2026-09-11 06:20:32 Downloaded igareck_full chars=46176
2026-09-11 06:20:32 OK igareck_full links=120
2026-09-11 06:20:32 Collection finished sources=2 success=2 failed=0 before=225 after=120 sha256=537474078887
2026-09-11 12:21:48 Sources count: 2
2026-09-11 12:21:48 Downloading igareck_mobile
2026-09-11 12:21:48 Downloaded igareck_mobile chars=4641
2026-09-11 12:21:48 OK igareck_mobile links=1
2026-09-11 12:21:48 Downloading igareck_full
2026-09-11 12:21:48 Downloaded igareck_full chars=1093
2026-09-11 12:21:48 OK igareck_full links=1
2026-09-11 12:21:48 Collection finished sources=2 success=2 failed=0 before=2 after=1 sha256=d35bde6bf818
2026-09-11 18:18:53 Sources count: 2
2026-09-11 18:18:53 Downloading igareck_mobile
2026-09-11 18:18:53 Downloaded igareck_mobile chars=26583
2026-09-11 18:18:53 OK igareck_mobile links=56
2026-09-11 18:18:53 Downloading igareck_full
2026-09-11 18:18:53 Downloaded igareck_full chars=12803
2026-09-11 18:18:53 OK igareck_full links=40
2026-09-11 18:18:53 Collection finished sources=2 success=2 failed=0 before=96 after=61 sha256=8aa44380fed5
2026-09-12 00:22:04 Sources count: 2
2026-09-12 00:22:04 Downloading igareck_mobile
2026-09-12 00:22:04 Downloaded igareck_mobile chars=51075
2026-09-12 00:22:04 OK igareck_mobile links=109
2026-09-12 00:22:04 Downloading igareck_full
2026-09-12 00:22:04 Downloaded igareck_full chars=59709
2026-09-12 00:22:04 OK igareck_full links=186
2026-09-12 00:22:04 Collection finished sources=2 success=2 failed=0 before=295 after=212 sha256=64c8fbe59ae6
2026-09-12 06:19:44 Sources count: 2
2026-09-12 06:19:44 Downloading igareck_mobile
2026-09-12 06:19:45 Downloaded igareck_mobile chars=51121
2026-09-12 06:19:45 OK igareck_mobile links=90
2026-09-12 06:19:45 Downloading igareck_full
2026-09-12 06:19:45 Downloaded igareck_full chars=37898
2026-09-12 06:19:45 OK igareck_full links=120
2026-09-12 06:19:45 Collection finished sources=2 success=2 failed=0 before=210 after=120 sha256=059b22eb3eba
2026-09-12 12:19:26 Sources count: 2
2026-09-12 12:19:26 Downloading igareck_mobile
2026-09-12 12:19:26 Downloaded igareck_mobile chars=51381
2026-09-12 12:19:26 OK igareck_mobile links=97
2026-09-12 12:19:26 Downloading igareck_full
2026-09-12 12:19:26 Downloaded igareck_full chars=46434
2026-09-12 12:19:26 OK igareck_full links=155
2026-09-12 12:19:26 Collection finished sources=2 success=2 failed=0 before=252 after=182 sha256=295c7730360f
2026-09-12 18:17:10 Sources count: 2
2026-09-12 18:17:10 Downloading igareck_mobile
2026-09-12 18:17:11 Downloaded igareck_mobile chars=41986
2026-09-12 18:17:11 OK igareck_mobile links=52
2026-09-12 18:17:11 Downloading igareck_full
2026-09-12 18:17:11 Downloaded igareck_full chars=38081
2026-09-12 18:17:11 OK igareck_full links=134
2026-09-12 18:17:11 Collection finished sources=2 success=2 failed=0 before=186 after=174 sha256=74bb275dfd28
2026-09-13 00:23:36 Sources count: 2
2026-09-13 00:23:36 Downloading igareck_mobile
2026-09-13 00:23:37 Downloaded igareck_mobile chars=43829
2026-09-13 00:23:37 OK igareck_mobile links=140
2026-09-13 00:23:37 Downloading igareck_full
2026-09-13 00:23:37 Downloaded igareck_full chars=67171
2026-09-13 00:23:37 OK igareck_full links=223
2026-09-13 00:23:37 Collection finished sources=2 success=2 failed=0 before=363 after=223 sha256=a102bbfe196a
2026-09-13 06:24:26 Sources count: 2
2026-09-13 06:24:26 Downloading igareck_mobile
2026-09-13 06:24:26 Downloaded igareck_mobile chars=43553
2026-09-13 06:24:26 OK igareck_mobile links=150
2026-09-13 06:24:26 Downloading igareck_full
2026-09-13 06:24:26 Downloaded igareck_full chars=68272
2026-09-13 06:24:26 OK igareck_full links=232
2026-09-13 06:24:26 Collection finished sources=2 success=2 failed=0 before=382 after=232 sha256=2023feeca10f
2026-09-13 12:19:33 Sources count: 2
2026-09-13 12:19:33 Downloading igareck_mobile
2026-09-13 12:19:34 Downloaded igareck_mobile chars=45357
2026-09-13 12:19:34 OK igareck_mobile links=113
2026-09-13 12:19:34 Downloading igareck_full
2026-09-13 12:19:34 Downloaded igareck_full chars=42481
2026-09-13 12:19:34 OK igareck_full links=142
2026-09-13 12:19:34 Collection finished sources=2 success=2 failed=0 before=255 after=142 sha256=550dc1f5c12c
2026-09-13 18:17:41 Sources count: 2
2026-09-13 18:17:41 Downloading igareck_mobile
2026-09-13 18:17:42 Downloaded igareck_mobile chars=37573
2026-09-13 18:17:42 OK igareck_mobile links=58
2026-09-13 18:17:42 Downloading igareck_full
2026-09-13 18:17:42 Downloaded igareck_full chars=48229
2026-09-13 18:17:42 OK igareck_full links=153
2026-09-13 18:17:42 Collection finished sources=2 success=2 failed=0 before=211 after=153 sha256=cf6ef29dd541
2026-09-14 00:23:41 Sources count: 2
2026-09-14 00:23:41 Downloading igareck_mobile
2026-09-14 00:23:41 Downloaded igareck_mobile chars=44250
2026-09-14 00:23:41 OK igareck_mobile links=150
2026-09-14 00:23:41 Downloading igareck_full
2026-09-14 00:23:41 Downloaded igareck_full chars=81610
2026-09-14 00:23:41 OK igareck_full links=269
2026-09-14 00:23:41 Collection finished sources=2 success=2 failed=0 before=419 after=269 sha256=87d13a92fbc3
2026-09-14 06:23:26 Sources count: 2
2026-09-14 06:23:26 Downloading igareck_mobile
2026-09-14 06:23:26 Downloaded igareck_mobile chars=45710
2026-09-14 06:23:26 OK igareck_mobile links=149
2026-09-14 06:23:26 Downloading igareck_full
2026-09-14 06:23:27 Downloaded igareck_full chars=90449
2026-09-14 06:23:27 OK igareck_full links=287
2026-09-14 06:23:27 Collection finished sources=2 success=2 failed=0 before=436 after=287 sha256=7da7d5f613b1
2026-09-14 12:22:05 Sources count: 2
2026-09-14 12:22:05 Downloading igareck_mobile
2026-09-14 12:22:05 Downloaded igareck_mobile chars=36291
2026-09-14 12:22:05 OK igareck_mobile links=84
2026-09-14 12:22:05 Downloading igareck_full
2026-09-14 12:22:05 Downloaded igareck_full chars=21182
2026-09-14 12:22:05 OK igareck_full links=60
2026-09-14 12:22:05 Collection finished sources=2 success=2 failed=0 before=144 after=84 sha256=f06c8fa2ee15
2026-09-14 18:18:38 Sources count: 2
2026-09-14 18:18:38 Downloading igareck_mobile
2026-09-14 18:18:38 Downloaded igareck_mobile chars=25932
2026-09-14 18:18:38 OK igareck_mobile links=21
2026-09-14 18:18:38 Downloading igareck_full
2026-09-14 18:18:38 Downloaded igareck_full chars=5159
2026-09-14 18:18:38 OK igareck_full links=15
2026-09-14 18:18:38 Collection finished sources=2 success=2 failed=0 before=36 after=26 sha256=b1708460b3ea
2026-09-14 19:33:11 Sources count: 3
2026-09-14 19:33:11 Downloading igareck_mobile
2026-09-14 19:33:11 Downloaded igareck_mobile chars=50317
2026-09-14 19:33:11 OK igareck_mobile links=113
2026-09-14 19:33:11 Downloading igareck_full
2026-09-14 19:33:11 Downloaded igareck_full chars=41632
2026-09-14 19:33:11 OK igareck_full links=132
2026-09-14 19:33:11 Downloading openproxylist_v2ray
2026-09-14 19:33:11 Downloaded openproxylist_v2ray chars=30442
2026-09-14 19:33:11 OK openproxylist_v2ray links=54
2026-09-14 19:33:11 Collection finished sources=3 success=3 failed=0 before=299 after=214 sha256=abde92ad9db0
2026-09-14 19:42:39 Sources count: 3
2026-09-14 19:42:39 Downloading igareck_mobile
2026-09-14 19:42:39 Downloaded igareck_mobile chars=50317
2026-09-14 19:42:39 OK igareck_mobile links=113
2026-09-14 19:42:39 Downloading igareck_full
2026-09-14 19:42:39 Downloaded igareck_full chars=41632
2026-09-14 19:42:39 OK igareck_full links=132
2026-09-14 19:42:39 Downloading openproxylist_v2ray
2026-09-14 19:42:40 Downloaded openproxylist_v2ray chars=30442
2026-09-14 19:42:40 OK openproxylist_v2ray links=54
2026-09-14 19:42:40 Collection finished sources=3 success=3 failed=0 before=299 after=214 sha256=21662ec63438
2026-09-15 00:23:53 Sources count: 3
2026-09-15 00:23:53 Downloading igareck_mobile
2026-09-15 00:23:53 Downloaded igareck_mobile chars=45077
2026-09-15 00:23:53 OK igareck_mobile links=119
2026-09-15 00:23:53 Downloading igareck_full
2026-09-15 00:23:53 Downloaded igareck_full chars=56792
2026-09-15 00:23:53 OK igareck_full links=175
2026-09-15 00:23:53 Downloading openproxylist_v2ray
2026-09-15 00:23:54 Downloaded openproxylist_v2ray chars=34872
2026-09-15 00:23:54 OK openproxylist_v2ray links=61
2026-09-15 00:23:54 Collection finished sources=3 success=3 failed=0 before=355 after=234 sha256=11c4469b3e23
2026-09-15 06:22:36 Sources count: 3
2026-09-15 06:22:36 Downloading igareck_mobile
2026-09-15 06:22:36 Downloaded igareck_mobile chars=46100
2026-09-15 06:22:36 OK igareck_mobile links=95
2026-09-15 06:22:36 Downloading igareck_full
2026-09-15 06:22:36 Downloaded igareck_full chars=42491
2026-09-15 06:22:36 OK igareck_full links=135
2026-09-15 06:22:36 Downloading openproxylist_v2ray
2026-09-15 06:22:37 Downloaded openproxylist_v2ray chars=31959
2026-09-15 06:22:37 OK openproxylist_v2ray links=53
2026-09-15 06:22:37 Collection finished sources=3 success=3 failed=0 before=283 after=188 sha256=fddeab07f837
2026-09-15 12:20:48 Sources count: 3
2026-09-15 12:20:48 Downloading igareck_mobile
2026-09-15 12:20:48 Downloaded igareck_mobile chars=48951
2026-09-15 12:20:48 OK igareck_mobile links=46
2026-09-15 12:20:48 Downloading igareck_full
2026-09-15 12:20:48 Downloaded igareck_full chars=38660
2026-09-15 12:20:48 OK igareck_full links=123
2026-09-15 12:20:48 Downloading openproxylist_v2ray
2026-09-15 12:20:48 Downloaded openproxylist_v2ray chars=45050
2026-09-15 12:20:48 OK openproxylist_v2ray links=81
2026-09-15 12:20:48 Collection finished sources=3 success=3 failed=0 before=250 after=237 sha256=6d7d5e30024d
2026-09-15 18:17:41 Sources count: 3
2026-09-15 18:17:41 Downloading igareck_mobile
2026-09-15 18:17:42 Downloaded igareck_mobile chars=40509
2026-09-15 18:17:42 OK igareck_mobile links=62
2026-09-15 18:17:42 Downloading igareck_full
2026-09-15 18:17:42 Downloaded igareck_full chars=53979
2026-09-15 18:17:42 OK igareck_full links=158
2026-09-15 18:17:42 Downloading openproxylist_v2ray
2026-09-15 18:17:59 Downloaded openproxylist_v2ray chars=39416
2026-09-15 18:17:59 OK openproxylist_v2ray links=71
2026-09-15 18:17:59 Collection finished sources=3 success=3 failed=0 before=291 after=240 sha256=d568ccaf1b33
2026-09-16 00:21:42 Sources count: 3
2026-09-16 00:21:42 Downloading igareck_mobile
2026-09-16 00:21:42 Downloaded igareck_mobile chars=43703
2026-09-16 00:21:42 OK igareck_mobile links=118
2026-09-16 00:21:42 Downloading igareck_full
2026-09-16 00:21:43 Downloaded igareck_full chars=84821
2026-09-16 00:21:43 OK igareck_full links=257
2026-09-16 00:21:43 Downloading openproxylist_v2ray
2026-09-16 00:21:43 Downloaded openproxylist_v2ray chars=38389
2026-09-16 00:21:43 OK openproxylist_v2ray links=82
2026-09-16 00:21:43 Collection finished sources=3 success=3 failed=0 before=457 after=339 sha256=5962a040bb21
2026-09-16 06:21:38 Sources count: 3
2026-09-16 06:21:38 Downloading igareck_mobile
2026-09-16 06:21:38 Downloaded igareck_mobile chars=43053
2026-09-16 06:21:38 OK igareck_mobile links=119
2026-09-16 06:21:38 Downloading igareck_full
2026-09-16 06:21:38 Downloaded igareck_full chars=85919
2026-09-16 06:21:38 OK igareck_full links=271
2026-09-16 06:21:38 Downloading openproxylist_v2ray
2026-09-16 06:21:38 Downloaded openproxylist_v2ray chars=40170
2026-09-16 06:21:38 OK openproxylist_v2ray links=92
2026-09-16 06:21:38 Collection finished sources=3 success=3 failed=0 before=482 after=363 sha256=4a040df0d79b
2026-09-16 12:21:34 Sources count: 3
2026-09-16 12:21:34 Downloading igareck_mobile
2026-09-16 12:21:34 Downloaded igareck_mobile chars=46762
2026-09-16 12:21:34 OK igareck_mobile links=120
2026-09-16 12:21:34 Downloading igareck_full
2026-09-16 12:21:34 Downloaded igareck_full chars=65864
2026-09-16 12:21:34 OK igareck_full links=204
2026-09-16 12:21:34 Downloading openproxylist_v2ray
2026-09-16 12:21:34 Downloaded openproxylist_v2ray chars=32315
2026-09-16 12:21:34 OK openproxylist_v2ray links=74
2026-09-16 12:21:34 Collection finished sources=3 success=3 failed=0 before=398 after=278 sha256=7ab80645dcae
2026-09-16 18:18:37 Sources count: 3
2026-09-16 18:18:37 Downloading igareck_mobile
2026-09-16 18:18:37 Downloaded igareck_mobile chars=44898
2026-09-16 18:18:37 OK igareck_mobile links=48
2026-09-16 18:18:37 Downloading igareck_full
2026-09-16 18:18:37 Downloaded igareck_full chars=49195
2026-09-16 18:18:38 OK igareck_full links=164
2026-09-16 18:18:38 Downloading openproxylist_v2ray
2026-09-16 18:18:38 Downloaded openproxylist_v2ray chars=34376
2026-09-16 18:18:38 OK openproxylist_v2ray links=59
2026-09-16 18:18:38 Collection finished sources=3 success=3 failed=0 before=271 after=251 sha256=29be26c059a6
2026-09-17 00:21:41 Sources count: 3
2026-09-17 00:21:41 Downloading igareck_mobile
2026-09-17 00:21:41 Downloaded igareck_mobile chars=47465
2026-09-17 00:21:41 OK igareck_mobile links=95
2026-09-17 00:21:41 Downloading igareck_full
2026-09-17 00:21:41 Downloaded igareck_full chars=41132
2026-09-17 00:21:41 OK igareck_full links=127
2026-09-17 00:21:41 Downloading openproxylist_v2ray
2026-09-17 00:21:42 Downloaded openproxylist_v2ray chars=31497
2026-09-17 00:21:42 OK openproxylist_v2ray links=69
2026-09-17 00:21:42 Collection finished sources=3 success=3 failed=0 before=291 after=195 sha256=d942238b5a97
2026-09-17 06:21:42 Sources count: 3
2026-09-17 06:21:42 Downloading igareck_mobile
2026-09-17 06:21:42 Downloaded igareck_mobile chars=46044
2026-09-17 06:21:42 OK igareck_mobile links=108
2026-09-17 06:21:42 Downloading igareck_full
2026-09-17 06:21:42 Downloaded igareck_full chars=43556
2026-09-17 06:21:42 OK igareck_full links=132
2026-09-17 06:21:42 Downloading openproxylist_v2ray
2026-09-17 06:21:43 Downloaded openproxylist_v2ray chars=38395
2026-09-17 06:21:43 OK openproxylist_v2ray links=101
2026-09-17 06:21:43 Collection finished sources=3 success=3 failed=0 before=341 after=233 sha256=e7bceb38c65d
2026-09-17 12:21:19 Sources count: 3
2026-09-17 12:21:19 Downloading igareck_mobile
2026-09-17 12:21:19 Downloaded igareck_mobile chars=50410
2026-09-17 12:21:19 OK igareck_mobile links=105
2026-09-17 12:21:19 Downloading igareck_full
2026-09-17 12:21:20 Downloaded igareck_full chars=35157
2026-09-17 12:21:20 OK igareck_full links=103
2026-09-17 12:21:20 Downloading openproxylist_v2ray
2026-09-17 12:21:20 Downloaded openproxylist_v2ray chars=38605
2026-09-17 12:21:20 OK openproxylist_v2ray links=108
2026-09-17 12:21:20 Collection finished sources=3 success=3 failed=0 before=316 after=244 sha256=3fb59a941772
2026-09-17 18:19:32 Sources count: 3
2026-09-17 18:19:32 Downloading igareck_mobile
2026-09-17 18:19:32 Downloaded igareck_mobile chars=46681
2026-09-17 18:19:32 OK igareck_mobile links=42
2026-09-17 18:19:32 Downloading igareck_full
2026-09-17 18:19:33 Downloaded igareck_full chars=37217
2026-09-17 18:19:33 OK igareck_full links=118
2026-09-17 18:19:33 Downloading openproxylist_v2ray
2026-09-17 18:19:33 Downloaded openproxylist_v2ray chars=32273
2026-09-17 18:19:33 OK openproxylist_v2ray links=73
2026-09-17 18:19:33 Collection finished sources=3 success=3 failed=0 before=233 after=222 sha256=2cc106dc5926
2026-09-18 00:22:15 Sources count: 3
2026-09-18 00:22:15 Downloading igareck_mobile
2026-09-18 00:22:15 Downloaded igareck_mobile chars=46148
2026-09-18 00:22:15 OK igareck_mobile links=35
2026-09-18 00:22:15 Downloading igareck_full
2026-09-18 00:22:15 Downloaded igareck_full chars=33235
2026-09-18 00:22:15 OK igareck_full links=103
2026-09-18 00:22:15 Downloading openproxylist_v2ray
2026-09-18 00:22:15 Downloaded openproxylist_v2ray chars=35110
2026-09-18 00:22:15 OK openproxylist_v2ray links=73
2026-09-18 00:22:15 Collection finished sources=3 success=3 failed=0 before=211 after=199 sha256=35ff6e7677c3
2026-09-18 06:20:50 Sources count: 3
2026-09-18 06:20:50 Downloading igareck_mobile
2026-09-18 06:20:51 Downloaded igareck_mobile chars=45730
2026-09-18 06:20:51 OK igareck_mobile links=44
2026-09-18 06:20:51 Downloading igareck_full
2026-09-18 06:20:51 Downloaded igareck_full chars=38079
2026-09-18 06:20:51 OK igareck_full links=114
2026-09-18 06:20:51 Downloading openproxylist_v2ray
2026-09-18 06:20:51 Downloaded openproxylist_v2ray chars=42068
2026-09-18 06:20:51 OK openproxylist_v2ray links=87
2026-09-18 06:20:51 Collection finished sources=3 success=3 failed=0 before=245 after=231 sha256=26e2e36de98e
2026-09-18 12:20:04 Sources count: 3
2026-09-18 12:20:04 Downloading igareck_mobile
2026-09-18 12:20:05 Downloaded igareck_mobile chars=32588
2026-09-18 12:20:05 OK igareck_mobile links=58
2026-09-18 12:20:05 Downloading igareck_full
2026-09-18 12:20:05 Downloaded igareck_full chars=13801
2026-09-18 12:20:05 OK igareck_full links=42
2026-09-18 12:20:05 Downloading openproxylist_v2ray
2026-09-18 12:20:05 Downloaded openproxylist_v2ray chars=35034
2026-09-18 12:20:05 OK openproxylist_v2ray links=78
2026-09-18 12:20:05 Collection finished sources=3 success=3 failed=0 before=178 after=136 sha256=388b80791ecc
2026-09-18 18:18:02 Sources count: 3
2026-09-18 18:18:02 Downloading igareck_mobile
2026-09-18 18:18:02 Downloaded igareck_mobile chars=50300
2026-09-18 18:18:02 OK igareck_mobile links=93
2026-09-18 18:18:02 Downloading igareck_full
2026-09-18 18:18:02 Downloaded igareck_full chars=20570
2026-09-18 18:18:02 OK igareck_full links=59
2026-09-18 18:18:02 Downloading openproxylist_v2ray
2026-09-18 18:18:03 Downloaded openproxylist_v2ray chars=34576
2026-09-18 18:18:03 OK openproxylist_v2ray links=70
2026-09-18 18:18:03 Collection finished sources=3 success=3 failed=0 before=222 after=176 sha256=0b55475ee50d
2026-09-19 00:21:57 Sources count: 3
2026-09-19 00:21:57 Downloading igareck_mobile
2026-09-19 00:21:58 Downloaded igareck_mobile chars=49394
2026-09-19 00:21:58 OK igareck_mobile links=100
2026-09-19 00:21:58 Downloading igareck_full
2026-09-19 00:21:58 Downloaded igareck_full chars=48704
2026-09-19 00:21:58 OK igareck_full links=141
2026-09-19 00:21:58 Downloading openproxylist_v2ray
2026-09-19 00:21:58 Downloaded openproxylist_v2ray chars=38774
2026-09-19 00:21:58 OK openproxylist_v2ray links=69
2026-09-19 00:21:58 Collection finished sources=3 success=3 failed=0 before=310 after=210 sha256=256ce142b4b7
2026-09-19 06:19:30 Sources count: 3
2026-09-19 06:19:30 Downloading igareck_mobile
2026-09-19 06:19:30 Downloaded igareck_mobile chars=53268
2026-09-19 06:19:30 OK igareck_mobile links=106
2026-09-19 06:19:30 Downloading igareck_full
2026-09-19 06:19:31 Downloaded igareck_full chars=46865
2026-09-19 06:19:31 OK igareck_full links=143
2026-09-19 06:19:31 Downloading openproxylist_v2ray
2026-09-19 06:19:31 Downloaded openproxylist_v2ray chars=41445
2026-09-19 06:19:31 OK openproxylist_v2ray links=73
2026-09-19 06:19:31 Collection finished sources=3 success=3 failed=0 before=322 after=216 sha256=ef998a4726cd
2026-09-19 12:19:33 Sources count: 3
2026-09-19 12:19:33 Downloading igareck_mobile
2026-09-19 12:19:33 Downloaded igareck_mobile chars=45238
2026-09-19 12:19:33 OK igareck_mobile links=128
2026-09-19 12:19:33 Downloading igareck_full
2026-09-19 12:19:33 Downloaded igareck_full chars=52147
2026-09-19 12:19:33 OK igareck_full links=168
2026-09-19 12:19:33 Downloading openproxylist_v2ray
2026-09-19 12:19:54 ERROR openproxylist_v2ray: The read operation timed out
2026-09-19 12:19:54 Collection finished sources=3 success=2 failed=1 before=296 after=168 sha256=340f3fb781c0
2026-09-19 18:17:35 Sources count: 3
2026-09-19 18:17:35 Downloading igareck_mobile
2026-09-19 18:17:36 Downloaded igareck_mobile chars=43682
2026-09-19 18:17:36 OK igareck_mobile links=69
2026-09-19 18:17:36 Downloading igareck_full
2026-09-19 18:17:36 Downloaded igareck_full chars=41694
2026-09-19 18:17:36 OK igareck_full links=125
2026-09-19 18:17:36 Downloading openproxylist_v2ray
2026-09-19 18:17:36 Downloaded openproxylist_v2ray chars=40552
2026-09-19 18:17:36 OK openproxylist_v2ray links=76
2026-09-19 18:17:36 Collection finished sources=3 success=3 failed=0 before=270 after=200 sha256=0b019f90ccf4
2026-09-20 00:23:26 Sources count: 3
2026-09-20 00:23:26 Downloading igareck_mobile
2026-09-20 00:23:26 Downloaded igareck_mobile chars=46150
2026-09-20 00:23:26 OK igareck_mobile links=132
2026-09-20 00:23:26 Downloading igareck_full
2026-09-20 00:23:26 Downloaded igareck_full chars=78815
2026-09-20 00:23:26 OK igareck_full links=247
2026-09-20 00:23:26 Downloading openproxylist_v2ray
2026-09-20 00:23:27 Downloaded openproxylist_v2ray chars=41059
2026-09-20 00:23:27 OK openproxylist_v2ray links=74
2026-09-20 00:23:27 Collection finished sources=3 success=3 failed=0 before=453 after=319 sha256=48cf7d405049
2026-09-20 06:19:52 Sources count: 3
2026-09-20 06:19:52 Downloading igareck_mobile
2026-09-20 06:19:52 Downloaded igareck_mobile chars=43484
2026-09-20 06:19:52 OK igareck_mobile links=123
2026-09-20 06:19:52 Downloading igareck_full
2026-09-20 06:19:52 Downloaded igareck_full chars=64901
2026-09-20 06:19:52 OK igareck_full links=216
2026-09-20 06:19:52 Downloading openproxylist_v2ray
2026-09-20 06:19:53 Downloaded openproxylist_v2ray chars=39889
2026-09-20 06:19:53 OK openproxylist_v2ray links=72
2026-09-20 06:19:53 Collection finished sources=3 success=3 failed=0 before=411 after=287 sha256=b82c442f8ca2
2026-09-20 12:19:31 Sources count: 3
2026-09-20 12:19:31 Downloading igareck_mobile
2026-09-20 12:19:31 Downloaded igareck_mobile chars=48795
2026-09-20 12:19:31 OK igareck_mobile links=129
2026-09-20 12:19:31 Downloading igareck_full
2026-09-20 12:19:31 Downloaded igareck_full chars=47072
2026-09-20 12:19:31 OK igareck_full links=144
2026-09-20 12:19:31 Downloading openproxylist_v2ray
2026-09-20 12:19:31 Downloaded openproxylist_v2ray chars=45349
2026-09-20 12:19:31 OK openproxylist_v2ray links=98
2026-09-20 12:19:31 Collection finished sources=3 success=3 failed=0 before=371 after=241 sha256=2fdc801c373e
2026-09-20 18:17:30 Sources count: 3
2026-09-20 18:17:30 Downloading igareck_mobile
2026-09-20 18:17:30 Downloaded igareck_mobile chars=41626
2026-09-20 18:17:30 OK igareck_mobile links=41
2026-09-20 18:17:30 Downloading igareck_full
2026-09-20 18:17:30 Downloaded igareck_full chars=49266
2026-09-20 18:17:30 OK igareck_full links=147
2026-09-20 18:17:30 Downloading openproxylist_v2ray
2026-09-20 18:17:30 Downloaded openproxylist_v2ray chars=44974
2026-09-20 18:17:30 OK openproxylist_v2ray links=103
2026-09-20 18:17:30 Collection finished sources=3 success=3 failed=0 before=291 after=284 sha256=f55fd5c6a598
2026-09-21 00:22:57 Sources count: 3
2026-09-21 00:22:57 Downloading igareck_mobile
2026-09-21 00:22:57 Downloaded igareck_mobile chars=43544
2026-09-21 00:22:57 OK igareck_mobile links=83
2026-09-21 00:22:57 Downloading igareck_full
2026-09-21 00:22:57 Downloaded igareck_full chars=74259
2026-09-21 00:22:57 OK igareck_full links=225
2026-09-21 00:22:57 Downloading openproxylist_v2ray
2026-09-21 00:22:58 Downloaded openproxylist_v2ray chars=34554
2026-09-21 00:22:58 OK openproxylist_v2ray links=83
2026-09-21 00:22:58 Collection finished sources=3 success=3 failed=0 before=391 after=308 sha256=7fa60cf446cc
2026-09-21 06:23:17 Sources count: 3
2026-09-21 06:23:17 Downloading igareck_mobile
2026-09-21 06:23:17 Downloaded igareck_mobile chars=45967
2026-09-21 06:23:17 OK igareck_mobile links=125
2026-09-21 06:23:17 Downloading igareck_full
2026-09-21 06:23:17 Downloaded igareck_full chars=61303
2026-09-21 06:23:17 OK igareck_full links=199
2026-09-21 06:23:17 Downloading openproxylist_v2ray
2026-09-21 06:23:18 Downloaded openproxylist_v2ray chars=40901
2026-09-21 06:23:18 OK openproxylist_v2ray links=118
2026-09-21 06:23:18 Collection finished sources=3 success=3 failed=0 before=442 after=316 sha256=a660304e439d
2026-09-21 12:19:38 Sources count: 3
2026-09-21 12:19:38 Downloading igareck_mobile
2026-09-21 12:19:38 Downloaded igareck_mobile chars=30743
2026-09-21 12:19:38 OK igareck_mobile links=78
2026-09-21 12:19:38 Downloading igareck_full
2026-09-21 12:19:39 Downloaded igareck_full chars=19273
2026-09-21 12:19:39 OK igareck_full links=58
2026-09-21 12:19:39 Downloading openproxylist_v2ray
2026-09-21 12:19:39 Downloaded openproxylist_v2ray chars=44908
2026-09-21 12:19:39 OK openproxylist_v2ray links=100
2026-09-21 12:19:39 Collection finished sources=3 success=3 failed=0 before=236 after=175 sha256=9ed1e0c6ab73
2026-09-21 18:18:30 Sources count: 3
2026-09-21 18:18:30 Downloading igareck_mobile
2026-09-21 18:18:30 Downloaded igareck_mobile chars=49881
2026-09-21 18:18:30 OK igareck_mobile links=108
2026-09-21 18:18:30 Downloading igareck_full
2026-09-21 18:18:30 Downloaded igareck_full chars=44015
2026-09-21 18:18:30 OK igareck_full links=141
2026-09-21 18:18:30 Downloading openproxylist_v2ray
2026-09-21 18:18:31 Downloaded openproxylist_v2ray chars=34959
2026-09-21 18:18:31 OK openproxylist_v2ray links=84
2026-09-21 18:18:31 Collection finished sources=3 success=3 failed=0 before=333 after=268 sha256=1db2383dae17
2026-09-22 00:21:58 Sources count: 3
2026-09-22 00:21:58 Downloading igareck_mobile
2026-09-22 00:21:58 Downloaded igareck_mobile chars=40316
2026-09-22 00:21:58 OK igareck_mobile links=69
2026-09-22 00:21:58 Downloading igareck_full
2026-09-22 00:21:58 Downloaded igareck_full chars=41239
2026-09-22 00:21:58 OK igareck_full links=150
2026-09-22 00:21:58 Downloading openproxylist_v2ray
2026-09-22 00:21:59 Downloaded openproxylist_v2ray chars=30584
2026-09-22 00:21:59 OK openproxylist_v2ray links=52
2026-09-22 00:21:59 Collection finished sources=3 success=3 failed=0 before=271 after=258 sha256=b5b487f426e3
2026-09-22 06:20:47 Sources count: 3
2026-09-22 06:20:47 Downloading igareck_mobile
2026-09-22 06:20:47 Downloaded igareck_mobile chars=45445
2026-09-22 06:20:47 OK igareck_mobile links=135
2026-09-22 06:20:47 Downloading igareck_full
2026-09-22 06:20:47 Downloaded igareck_full chars=44389
2026-09-22 06:20:47 OK igareck_full links=147
2026-09-22 06:20:47 Downloading openproxylist_v2ray
2026-09-22 06:20:48 Downloaded openproxylist_v2ray chars=40570
2026-09-22 06:20:48 OK openproxylist_v2ray links=90
2026-09-22 06:20:48 Collection finished sources=3 success=3 failed=0 before=372 after=295 sha256=eabcba901fc0
2026-09-22 12:20:34 Sources count: 3
2026-09-22 12:20:34 Downloading igareck_mobile
2026-09-22 12:20:34 Downloaded igareck_mobile chars=37529
2026-09-22 12:20:34 OK igareck_mobile links=107
2026-09-22 12:20:34 Downloading igareck_full
2026-09-22 12:20:34 Downloaded igareck_full chars=26328
2026-09-22 12:20:34 OK igareck_full links=77
2026-09-22 12:20:34 Downloading openproxylist_v2ray
2026-09-22 12:20:34 Downloaded openproxylist_v2ray chars=32321
2026-09-22 12:20:34 OK openproxylist_v2ray links=70
2026-09-22 12:20:34 Collection finished sources=3 success=3 failed=0 before=254 after=176 sha256=a72eb8b07502
2026-09-22 18:19:49 Sources count: 3
2026-09-22 18:19:49 Downloading igareck_mobile
2026-09-22 18:19:49 Downloaded igareck_mobile chars=12915
2026-09-22 18:19:49 OK igareck_mobile links=35
2026-09-22 18:19:49 Downloading igareck_full
2026-09-22 18:19:49 Downloaded igareck_full chars=6935
2026-09-22 18:19:49 OK igareck_full links=25
2026-09-22 18:19:49 Downloading openproxylist_v2ray
2026-09-22 18:19:49 Downloaded openproxylist_v2ray chars=36387
2026-09-22 18:19:49 OK openproxylist_v2ray links=106
2026-09-22 18:19:49 Collection finished sources=3 success=3 failed=0 before=166 after=130 sha256=989c0284960b
2026-09-23 00:21:12 Sources count: 3
2026-09-23 00:21:12 Downloading igareck_mobile
2026-09-23 00:21:12 Downloaded igareck_mobile chars=43310
2026-09-23 00:21:12 OK igareck_mobile links=135
2026-09-23 00:21:12 Downloading igareck_full
2026-09-23 00:21:12 Downloaded igareck_full chars=42786
2026-09-23 00:21:12 OK igareck_full links=151
2026-09-23 00:21:12 Downloading openproxylist_v2ray
2026-09-23 00:21:13 Downloaded openproxylist_v2ray chars=33048
2026-09-23 00:21:13 OK openproxylist_v2ray links=53
2026-09-23 00:21:13 Collection finished sources=3 success=3 failed=0 before=339 after=237 sha256=3d32445c3c04
2026-09-23 06:21:38 Sources count: 3
2026-09-23 06:21:38 Downloading igareck_mobile
2026-09-23 06:21:38 Downloaded igareck_mobile chars=34768
2026-09-23 06:21:38 OK igareck_mobile links=115
2026-09-23 06:21:38 Downloading igareck_full
2026-09-23 06:21:38 Downloaded igareck_full chars=23900
2026-09-23 06:21:38 OK igareck_full links=83
2026-09-23 06:21:38 Downloading openproxylist_v2ray
2026-09-23 06:21:38 Downloaded openproxylist_v2ray chars=38446
2026-09-23 06:21:38 OK openproxylist_v2ray links=91
2026-09-23 06:21:38 Collection finished sources=3 success=3 failed=0 before=289 after=211 sha256=ed71dc4292a6
2026-09-23 12:20:51 Sources count: 3
2026-09-23 12:20:51 Downloading igareck_mobile
2026-09-23 12:20:51 Downloaded igareck_mobile chars=33151
2026-09-23 12:20:51 OK igareck_mobile links=100
2026-09-23 12:20:51 Downloading igareck_full
2026-09-23 12:20:51 Downloaded igareck_full chars=22547
2026-09-23 12:20:51 OK igareck_full links=72
2026-09-23 12:20:51 Downloading openproxylist_v2ray
2026-09-23 12:20:51 Downloaded openproxylist_v2ray chars=36215
2026-09-23 12:20:51 OK openproxylist_v2ray links=76
2026-09-23 12:20:51 Collection finished sources=3 success=3 failed=0 before=248 after=179 sha256=3759d1b22e10
2026-09-23 18:20:14 Sources count: 3
2026-09-23 18:20:14 Downloading igareck_mobile
2026-09-23 18:20:14 Downloaded igareck_mobile chars=32525
2026-09-23 18:20:14 OK igareck_mobile links=92
2026-09-23 18:20:14 Downloading igareck_full
2026-09-23 18:20:14 Downloaded igareck_full chars=25031
2026-09-23 18:20:14 OK igareck_full links=81
2026-09-23 18:20:14 Downloading openproxylist_v2ray
2026-09-23 18:20:15 Downloaded openproxylist_v2ray chars=31778
2026-09-23 18:20:15 OK openproxylist_v2ray links=61
2026-09-23 18:20:15 Collection finished sources=3 success=3 failed=0 before=234 after=213 sha256=41886ff9502c
2026-09-24 00:22:09 Sources count: 3
2026-09-24 00:22:09 Downloading igareck_mobile
2026-09-24 00:22:10 Downloaded igareck_mobile chars=44422
2026-09-24 00:22:10 OK igareck_mobile links=143
2026-09-24 00:22:10 Downloading igareck_full
2026-09-24 00:22:10 Downloaded igareck_full chars=26579
2026-09-24 00:22:10 OK igareck_full links=89
2026-09-24 00:22:10 Downloading openproxylist_v2ray
2026-09-24 00:22:10 Downloaded openproxylist_v2ray chars=32309
2026-09-24 00:22:10 OK openproxylist_v2ray links=59
2026-09-24 00:22:10 Collection finished sources=3 success=3 failed=0 before=291 after=228 sha256=03c80cb74898
2026-09-24 06:21:11 Sources count: 3
2026-09-24 06:21:11 Downloading igareck_mobile
2026-09-24 06:21:11 Downloaded igareck_mobile chars=40046
2026-09-24 06:21:11 OK igareck_mobile links=128
2026-09-24 06:21:11 Downloading igareck_full
2026-09-24 06:21:11 Downloaded igareck_full chars=36667
2026-09-24 06:21:11 OK igareck_full links=137
2026-09-24 06:21:11 Downloading openproxylist_v2ray
2026-09-24 06:21:11 Downloaded openproxylist_v2ray chars=42564
2026-09-24 06:21:11 OK openproxylist_v2ray links=79
2026-09-24 06:21:11 Collection finished sources=3 success=3 failed=0 before=344 after=215 sha256=947080b1eafc
2026-09-24 12:20:50 Sources count: 3
2026-09-24 12:20:50 Downloading igareck_mobile
2026-09-24 12:20:50 Downloaded igareck_mobile chars=7118
2026-09-24 12:20:50 OK igareck_mobile links=22
2026-09-24 12:20:50 Downloading igareck_full
2026-09-24 12:20:50 Downloaded igareck_full chars=4968
2026-09-24 12:20:50 OK igareck_full links=16
2026-09-24 12:20:50 Downloading openproxylist_v2ray
2026-09-24 12:20:51 Downloaded openproxylist_v2ray chars=32190
2026-09-24 12:20:51 OK openproxylist_v2ray links=88
2026-09-24 12:20:51 Collection finished sources=3 success=3 failed=0 before=126 after=95 sha256=936773b1d247
2026-09-24 18:19:53 Sources count: 3
2026-09-24 18:19:53 Downloading igareck_mobile
2026-09-24 18:19:53 Downloaded igareck_mobile chars=12319
2026-09-24 18:19:53 OK igareck_mobile links=24
2026-09-24 18:19:53 Downloading igareck_full
2026-09-24 18:19:53 Downloaded igareck_full chars=5621
2026-09-24 18:19:53 OK igareck_full links=18
2026-09-24 18:19:53 Downloading openproxylist_v2ray
2026-09-24 18:19:54 Downloaded openproxylist_v2ray chars=37022
2026-09-24 18:19:54 OK openproxylist_v2ray links=68
2026-09-24 18:19:54 Collection finished sources=3 success=3 failed=0 before=110 after=97 sha256=de73cb90b27e
2026-09-25 00:23:49 Sources count: 3
2026-09-25 00:23:49 Downloading igareck_mobile
2026-09-25 00:23:49 Downloaded igareck_mobile chars=33438
2026-09-25 00:23:49 OK igareck_mobile links=97
2026-09-25 00:23:49 Downloading igareck_full
2026-09-25 00:23:49 Downloaded igareck_full chars=22971
2026-09-25 00:23:49 OK igareck_full links=73
2026-09-25 00:23:49 Downloading openproxylist_v2ray
2026-09-25 00:23:49 Downloaded openproxylist_v2ray chars=35179
2026-09-25 00:23:49 OK openproxylist_v2ray links=53
2026-09-25 00:23:49 Collection finished sources=3 success=3 failed=0 before=223 after=148 sha256=f7d1be081bfa
2026-09-25 06:21:08 Sources count: 3
2026-09-25 06:21:08 Downloading igareck_mobile
2026-09-25 06:21:08 Downloaded igareck_mobile chars=35622
2026-09-25 06:21:08 OK igareck_mobile links=97
2026-09-25 06:21:08 Downloading igareck_full
2026-09-25 06:21:08 Downloaded igareck_full chars=22809
2026-09-25 06:21:08 OK igareck_full links=71
2026-09-25 06:21:08 Downloading openproxylist_v2ray
2026-09-25 06:21:08 Downloaded openproxylist_v2ray chars=42912
2026-09-25 06:21:09 OK openproxylist_v2ray links=91
2026-09-25 06:21:09 Collection finished sources=3 success=3 failed=0 before=259 after=188 sha256=92200e5d2232
2026-09-25 12:20:50 Sources count: 3
2026-09-25 12:20:50 Downloading igareck_mobile
2026-09-25 12:20:50 Downloaded igareck_mobile chars=9279
2026-09-25 12:20:50 OK igareck_mobile links=22
2026-09-25 12:20:50 Downloading igareck_full
2026-09-25 12:20:50 Downloaded igareck_full chars=5332
2026-09-25 12:20:50 OK igareck_full links=16
2026-09-25 12:20:50 Downloading openproxylist_v2ray
2026-09-25 12:20:50 Downloaded openproxylist_v2ray chars=37197
2026-09-25 12:20:50 OK openproxylist_v2ray links=71
2026-09-25 12:20:50 Collection finished sources=3 success=3 failed=0 before=109 after=85 sha256=102656ea3c02
2026-09-25 18:18:16 Sources count: 3
2026-09-25 18:18:16 Downloading igareck_mobile
2026-09-25 18:18:16 Downloaded igareck_mobile chars=22832
2026-09-25 18:18:16 OK igareck_mobile links=61
2026-09-25 18:18:16 Downloading igareck_full
2026-09-25 18:18:16 Downloaded igareck_full chars=14888
2026-09-25 18:18:16 OK igareck_full links=45
2026-09-25 18:18:16 Downloading openproxylist_v2ray
2026-09-25 18:18:16 Downloaded openproxylist_v2ray chars=36784
2026-09-25 18:18:16 OK openproxylist_v2ray links=62
2026-09-25 18:18:16 Collection finished sources=3 success=3 failed=0 before=168 after=115 sha256=a8940f154c1a
2026-09-26 00:21:19 Sources count: 3
2026-09-26 00:21:19 Downloading igareck_mobile
2026-09-26 00:21:19 Downloaded igareck_mobile chars=46449
2026-09-26 00:21:19 OK igareck_mobile links=137
2026-09-26 00:21:19 Downloading igareck_full
2026-09-26 00:21:19 Downloaded igareck_full chars=44977
2026-09-26 00:21:19 OK igareck_full links=144
2026-09-26 00:21:19 Downloading openproxylist_v2ray
2026-09-26 00:21:19 Downloaded openproxylist_v2ray chars=39913
2026-09-26 00:21:19 OK openproxylist_v2ray links=81
2026-09-26 00:21:19 Collection finished sources=3 success=3 failed=0 before=362 after=265 sha256=e759ecb06200
2026-09-26 06:20:07 Sources count: 3
2026-09-26 06:20:07 Downloading igareck_mobile
2026-09-26 06:20:07 Downloaded igareck_mobile chars=49061
2026-09-26 06:20:07 OK igareck_mobile links=138
2026-09-26 06:20:07 Downloading igareck_full
2026-09-26 06:20:08 Downloaded igareck_full chars=44141
2026-09-26 06:20:08 OK igareck_full links=136
2026-09-26 06:20:08 Downloading openproxylist_v2ray
2026-09-26 06:20:08 Downloaded openproxylist_v2ray chars=31412
2026-09-26 06:20:08 OK openproxylist_v2ray links=58
2026-09-26 06:20:08 Collection finished sources=3 success=3 failed=0 before=332 after=249 sha256=d14f3e6bc64b
2026-09-26 12:19:14 Sources count: 3
2026-09-26 12:19:14 Downloading igareck_mobile
2026-09-26 12:19:15 Downloaded igareck_mobile chars=43778
2026-09-26 12:19:15 OK igareck_mobile links=143
2026-09-26 12:19:15 Downloading igareck_full
2026-09-26 12:19:15 Downloaded igareck_full chars=48914
2026-09-26 12:19:15 OK igareck_full links=165
2026-09-26 12:19:15 Downloading openproxylist_v2ray
2026-09-26 12:19:15 Downloaded openproxylist_v2ray chars=35808
2026-09-26 12:19:15 OK openproxylist_v2ray links=70
2026-09-26 12:19:15 Collection finished sources=3 success=3 failed=0 before=378 after=222 sha256=a31b6bbf064f
2026-09-26 18:18:00 Sources count: 3
2026-09-26 18:18:00 Downloading igareck_mobile
2026-09-26 18:18:01 Downloaded igareck_mobile chars=44494
2026-09-26 18:18:01 OK igareck_mobile links=130
2026-09-26 18:18:01 Downloading igareck_full
2026-09-26 18:18:01 Downloaded igareck_full chars=30074
2026-09-26 18:18:01 OK igareck_full links=106
2026-09-26 18:18:01 Downloading openproxylist_v2ray
2026-09-26 18:18:01 Downloaded openproxylist_v2ray chars=36624
2026-09-26 18:18:01 OK openproxylist_v2ray links=75
2026-09-26 18:18:01 Collection finished sources=3 success=3 failed=0 before=311 after=256 sha256=49ba82aa0063
2026-09-27 00:23:36 Sources count: 3
2026-09-27 00:23:36 Downloading igareck_mobile
2026-09-27 00:23:36 Downloaded igareck_mobile chars=43355
2026-09-27 00:23:36 OK igareck_mobile links=140
2026-09-27 00:23:36 Downloading igareck_full
2026-09-27 00:23:36 Downloaded igareck_full chars=72297
2026-09-27 00:23:37 OK igareck_full links=249
2026-09-27 00:23:37 Downloading openproxylist_v2ray
2026-09-27 00:23:37 Downloaded openproxylist_v2ray chars=33459
2026-09-27 00:23:37 OK openproxylist_v2ray links=65
2026-09-27 00:23:37 Collection finished sources=3 success=3 failed=0 before=454 after=314 sha256=deb68c021c68
2026-09-27 06:20:47 Sources count: 3
2026-09-27 06:20:47 Downloading igareck_mobile
2026-09-27 06:20:47 Downloaded igareck_mobile chars=42881
2026-09-27 06:20:48 OK igareck_mobile links=139
2026-09-27 06:20:48 Downloading igareck_full
2026-09-27 06:20:48 Downloaded igareck_full chars=71127
2026-09-27 06:20:48 OK igareck_full links=245
2026-09-27 06:20:48 Downloading openproxylist_v2ray
2026-09-27 06:20:48 Downloaded openproxylist_v2ray chars=34255
2026-09-27 06:20:48 OK openproxylist_v2ray links=70
2026-09-27 06:20:48 Collection finished sources=3 success=3 failed=0 before=454 after=315 sha256=80c147a86059
2026-09-27 12:19:42 Sources count: 3
2026-09-27 12:19:42 Downloading igareck_mobile
2026-09-27 12:19:42 Downloaded igareck_mobile chars=40433
2026-09-27 12:19:42 OK igareck_mobile links=139
2026-09-27 12:19:42 Downloading igareck_full
2026-09-27 12:19:42 Downloaded igareck_full chars=28433
2026-09-27 12:19:42 OK igareck_full links=100
2026-09-27 12:19:42 Downloading openproxylist_v2ray
2026-09-27 12:19:42 Downloaded openproxylist_v2ray chars=35676
2026-09-27 12:19:42 OK openproxylist_v2ray links=104
2026-09-27 12:19:42 Collection finished sources=3 success=3 failed=0 before=343 after=251 sha256=8dfca1780ce7
2026-09-27 18:18:00 Sources count: 3
2026-09-27 18:18:00 Downloading igareck_mobile
2026-09-27 18:18:00 Downloaded igareck_mobile chars=45969
2026-09-27 18:18:00 OK igareck_mobile links=131
2026-09-27 18:18:00 Downloading igareck_full
2026-09-27 18:18:00 Downloaded igareck_full chars=36439
2026-09-27 18:18:00 OK igareck_full links=118
2026-09-27 18:18:00 Downloading openproxylist_v2ray
2026-09-27 18:18:20 ERROR openproxylist_v2ray: The read operation timed out
2026-09-27 18:18:20 Collection finished sources=3 success=2 failed=1 before=249 after=178 sha256=7f3800b28c9d
2026-09-28 00:25:02 Sources count: 3
2026-09-28 00:25:02 Downloading igareck_mobile
2026-09-28 00:25:02 Downloaded igareck_mobile chars=45741
2026-09-28 00:25:02 OK igareck_mobile links=132
2026-09-28 00:25:02 Downloading igareck_full
2026-09-28 00:25:02 Downloaded igareck_full chars=45739
2026-09-28 00:25:02 OK igareck_full links=151
2026-09-28 00:25:02 Downloading openproxylist_v2ray
2026-09-28 00:25:02 Downloaded openproxylist_v2ray chars=34708
2026-09-28 00:25:02 OK openproxylist_v2ray links=58
2026-09-28 00:25:02 Collection finished sources=3 success=3 failed=0 before=341 after=209 sha256=716df05486f5
2026-09-28 06:24:02 Sources count: 3
2026-09-28 06:24:02 Downloading igareck_mobile
2026-09-28 06:24:03 Downloaded igareck_mobile chars=45704
2026-09-28 06:24:03 OK igareck_mobile links=132
2026-09-28 06:24:03 Downloading igareck_full
2026-09-28 06:24:03 Downloaded igareck_full chars=37636
2026-09-28 06:24:03 OK igareck_full links=120
2026-09-28 06:24:03 Downloading openproxylist_v2ray
2026-09-28 06:24:03 Downloaded openproxylist_v2ray chars=30918
2026-09-28 06:24:03 OK openproxylist_v2ray links=77
2026-09-28 06:24:03 Collection finished sources=3 success=3 failed=0 before=329 after=292 sha256=4af4477f32de
2026-09-28 12:22:31 Sources count: 3
2026-09-28 12:22:31 Downloading igareck_mobile
2026-09-28 12:22:31 Downloaded igareck_mobile chars=19324
2026-09-28 12:22:31 OK igareck_mobile links=58
2026-09-28 12:22:31 Downloading igareck_full
2026-09-28 12:22:31 Downloaded igareck_full chars=15656
2026-09-28 12:22:31 OK igareck_full links=47
2026-09-28 12:22:31 Downloading openproxylist_v2ray
2026-09-28 12:22:32 Downloaded openproxylist_v2ray chars=30334
2026-09-28 12:22:32 OK openproxylist_v2ray links=51
2026-09-28 12:22:32 Collection finished sources=3 success=3 failed=0 before=156 after=113 sha256=ad34650ca36f
2026-09-28 18:19:37 Sources count: 3
2026-09-28 18:19:37 Downloading igareck_mobile
2026-09-28 18:19:38 Downloaded igareck_mobile chars=46128
2026-09-28 18:19:38 OK igareck_mobile links=138
2026-09-28 18:19:38 Downloading igareck_full
2026-09-28 18:19:38 Downloaded igareck_full chars=27365
2026-09-28 18:19:38 OK igareck_full links=92
2026-09-28 18:19:38 Downloading openproxylist_v2ray
2026-09-28 18:19:38 Downloaded openproxylist_v2ray chars=34920
2026-09-28 18:19:38 OK openproxylist_v2ray links=65
2026-09-28 18:19:38 Collection finished sources=3 success=3 failed=0 before=295 after=202 sha256=a52132a6b8bb
2026-09-29 00:23:10 Sources count: 3
2026-09-29 00:23:10 Downloading igareck_mobile
2026-09-29 00:23:10 Downloaded igareck_mobile chars=46189
2026-09-29 00:23:10 OK igareck_mobile links=136
2026-09-29 00:23:10 Downloading igareck_full
2026-09-29 00:23:10 Downloaded igareck_full chars=56889
2026-09-29 00:23:10 OK igareck_full links=185
2026-09-29 00:23:10 Downloading openproxylist_v2ray
2026-09-29 00:23:10 Downloaded openproxylist_v2ray chars=35434
2026-09-29 00:23:10 OK openproxylist_v2ray links=73
2026-09-29 00:23:10 Collection finished sources=3 success=3 failed=0 before=394 after=257 sha256=7b295797796b
2026-09-29 06:21:33 Sources count: 3
2026-09-29 06:21:33 Downloading igareck_mobile
2026-09-29 06:21:33 Downloaded igareck_mobile chars=43399
2026-09-29 06:21:33 OK igareck_mobile links=143
2026-09-29 06:21:33 Downloading igareck_full
2026-09-29 06:21:34 Downloaded igareck_full chars=38631
2026-09-29 06:21:34 OK igareck_full links=133
2026-09-29 06:21:34 Downloading openproxylist_v2ray
2026-09-29 06:21:34 Downloaded openproxylist_v2ray chars=31388
2026-09-29 06:21:34 OK openproxylist_v2ray links=61
2026-09-29 06:21:34 Collection finished sources=3 success=3 failed=0 before=337 after=322 sha256=e66a89a9b7e0
2026-09-29 12:22:09 Sources count: 3
2026-09-29 12:22:09 Downloading igareck_mobile
2026-09-29 12:22:09 Downloaded igareck_mobile chars=11857
2026-09-29 12:22:09 OK igareck_mobile links=35
2026-09-29 12:22:09 Downloading igareck_full
2026-09-29 12:22:09 Downloaded igareck_full chars=8180
2026-09-29 12:22:09 OK igareck_full links=29
2026-09-29 12:22:09 Downloading openproxylist_v2ray
2026-09-29 12:22:12 Downloaded openproxylist_v2ray chars=36431
2026-09-29 12:22:12 OK openproxylist_v2ray links=64
2026-09-29 12:22:12 Collection finished sources=3 success=3 failed=0 before=128 after=115 sha256=75d3bfeded31
2026-09-29 18:20:44 Sources count: 3
2026-09-29 18:20:44 Downloading igareck_mobile
2026-09-29 18:20:44 Downloaded igareck_mobile chars=34713
2026-09-29 18:20:44 OK igareck_mobile links=98
2026-09-29 18:20:44 Downloading igareck_full
2026-09-29 18:20:44 Downloaded igareck_full chars=24190
2026-09-29 18:20:44 OK igareck_full links=72
2026-09-29 18:20:44 Downloading openproxylist_v2ray
2026-09-29 18:20:45 Downloaded openproxylist_v2ray chars=39772
2026-09-29 18:20:45 OK openproxylist_v2ray links=84
2026-09-29 18:20:45 Collection finished sources=3 success=3 failed=0 before=254 after=180 sha256=731771c53360
2026-09-30 00:24:32 Sources count: 3
2026-09-30 00:24:32 Downloading igareck_mobile
2026-09-30 00:24:32 Downloaded igareck_mobile chars=46965
2026-09-30 00:24:32 OK igareck_mobile links=137
2026-09-30 00:24:32 Downloading igareck_full
2026-09-30 00:24:32 Downloaded igareck_full chars=35962
2026-09-30 00:24:32 OK igareck_full links=115
2026-09-30 00:24:32 Downloading openproxylist_v2ray
2026-09-30 00:24:32 Downloaded openproxylist_v2ray chars=37409
2026-09-30 00:24:32 OK openproxylist_v2ray links=80
2026-09-30 00:24:32 Collection finished sources=3 success=3 failed=0 before=332 after=252 sha256=d804dc8b8d1d
2026-09-30 06:22:06 Sources count: 3
2026-09-30 06:22:06 Downloading igareck_mobile
2026-09-30 06:22:06 Downloaded igareck_mobile chars=44205
2026-09-30 06:22:06 OK igareck_mobile links=140
2026-09-30 06:22:06 Downloading igareck_full
2026-09-30 06:22:06 Downloaded igareck_full chars=44432
2026-09-30 06:22:06 OK igareck_full links=151
2026-09-30 06:22:06 Downloading openproxylist_v2ray
2026-09-30 06:22:16 Downloaded openproxylist_v2ray chars=37503
2026-09-30 06:22:16 OK openproxylist_v2ray links=81
2026-09-30 06:22:16 Collection finished sources=3 success=3 failed=0 before=372 after=232 sha256=786b437272e6
2026-09-30 12:25:45 Sources count: 3
2026-09-30 12:25:45 Downloading igareck_mobile
2026-09-30 12:25:45 Downloaded igareck_mobile chars=39855
2026-09-30 12:25:45 OK igareck_mobile links=116
2026-09-30 12:25:45 Downloading igareck_full
2026-09-30 12:25:45 Downloaded igareck_full chars=28598
2026-09-30 12:25:45 OK igareck_full links=87
2026-09-30 12:25:45 Downloading openproxylist_v2ray
2026-09-30 12:25:45 Downloaded openproxylist_v2ray chars=40350
2026-09-30 12:25:45 OK openproxylist_v2ray links=84
2026-09-30 12:25:45 Collection finished sources=3 success=3 failed=0 before=287 after=197 sha256=13b1851aac5f
2026-09-30 18:19:11 Sources count: 3
2026-09-30 18:19:11 Downloading igareck_mobile
2026-09-30 18:19:11 Downloaded igareck_mobile chars=49150
2026-09-30 18:19:11 OK igareck_mobile links=125
2026-09-30 18:19:11 Downloading igareck_full
2026-09-30 18:19:12 Downloaded igareck_full chars=33248
2026-09-30 18:19:12 OK igareck_full links=100
2026-09-30 18:19:12 Downloading openproxylist_v2ray
2026-09-30 18:19:12 Downloaded openproxylist_v2ray chars=41525
2026-09-30 18:19:12 OK openproxylist_v2ray links=99
2026-09-30 18:19:12 Collection finished sources=3 success=3 failed=0 before=324 after=222 sha256=b64df97e4e3a
2026-10-01 00:25:52 Sources count: 3
2026-10-01 00:25:52 Downloading igareck_mobile
2026-10-01 00:25:52 Downloaded igareck_mobile chars=48826
2026-10-01 00:25:52 OK igareck_mobile links=103
2026-10-01 00:25:52 Downloading igareck_full
2026-10-01 00:25:52 Downloaded igareck_full chars=57802
2026-10-01 00:25:52 OK igareck_full links=167
2026-10-01 00:25:52 Downloading openproxylist_v2ray
2026-10-01 00:25:53 Downloaded openproxylist_v2ray chars=33841
2026-10-01 00:25:53 OK openproxylist_v2ray links=91
2026-10-01 00:25:53 Collection finished sources=3 success=3 failed=0 before=361 after=256 sha256=d288d6df194c
2026-10-01 06:23:41 Sources count: 3
2026-10-01 06:23:41 Downloading igareck_mobile
2026-10-01 06:23:41 Downloaded igareck_mobile chars=44003
2026-10-01 06:23:41 OK igareck_mobile links=123
2026-10-01 06:23:41 Downloading igareck_full
2026-10-01 06:23:41 Downloaded igareck_full chars=61824
2026-10-01 06:23:41 OK igareck_full links=213
2026-10-01 06:23:41 Downloading openproxylist_v2ray
2026-10-01 06:23:42 Downloaded openproxylist_v2ray chars=42997
2026-10-01 06:23:42 OK openproxylist_v2ray links=103
2026-10-01 06:23:42 Collection finished sources=3 success=3 failed=0 before=439 after=313 sha256=e33c88ab0788
2026-10-01 12:23:18 Sources count: 3
2026-10-01 12:23:18 Downloading igareck_mobile
2026-10-01 12:23:18 Downloaded igareck_mobile chars=37332
2026-10-01 12:23:18 OK igareck_mobile links=113
2026-10-01 12:23:18 Downloading igareck_full
2026-10-01 12:23:18 Downloaded igareck_full chars=23792
2026-10-01 12:23:18 OK igareck_full links=81
2026-10-01 12:23:18 Downloading openproxylist_v2ray
2026-10-01 12:23:18 Downloaded openproxylist_v2ray chars=37559
2026-10-01 12:23:19 OK openproxylist_v2ray links=100
2026-10-01 12:23:19 Collection finished sources=3 success=3 failed=0 before=294 after=217 sha256=f0efeb8b29dc
2026-10-01 18:21:40 Sources count: 3
2026-10-01 18:21:40 Downloading igareck_mobile
2026-10-01 18:21:40 Downloaded igareck_mobile chars=52300
2026-10-01 18:21:40 OK igareck_mobile links=131
2026-10-01 18:21:40 Downloading igareck_full
2026-10-01 18:21:41 Downloaded igareck_full chars=42519
2026-10-01 18:21:41 OK igareck_full links=122
2026-10-01 18:21:41 Downloading openproxylist_v2ray
2026-10-01 18:21:41 Downloaded openproxylist_v2ray chars=39770
2026-10-01 18:21:41 OK openproxylist_v2ray links=89
2026-10-01 18:21:41 Collection finished sources=3 success=3 failed=0 before=342 after=249 sha256=b8bb5fcb9d6c
2026-10-02 00:24:16 Sources count: 3
2026-10-02 00:24:16 Downloading igareck_mobile
2026-10-02 00:24:16 Downloaded igareck_mobile chars=48818
2026-10-02 00:24:16 OK igareck_mobile links=118
2026-10-02 00:24:16 Downloading igareck_full
2026-10-02 00:24:16 Downloaded igareck_full chars=60479
2026-10-02 00:24:16 OK igareck_full links=180
2026-10-02 00:24:16 Downloading openproxylist_v2ray
2026-10-02 00:24:16 Downloaded openproxylist_v2ray chars=42000
2026-10-02 00:24:16 OK openproxylist_v2ray links=83
2026-10-02 00:24:16 Collection finished sources=3 success=3 failed=0 before=381 after=262 sha256=1173887d7d25
2026-10-02 06:21:48 Sources count: 3
2026-10-02 06:21:48 Downloading igareck_mobile
2026-10-02 06:21:48 Downloaded igareck_mobile chars=51989
2026-10-02 06:21:48 OK igareck_mobile links=135
2026-10-02 06:21:48 Downloading igareck_full
2026-10-02 06:21:49 Downloaded igareck_full chars=39157
2026-10-02 06:21:49 OK igareck_full links=115
2026-10-02 06:21:49 Downloading openproxylist_v2ray
2026-10-02 06:21:49 Downloaded openproxylist_v2ray chars=37827
2026-10-02 06:21:49 OK openproxylist_v2ray links=70
2026-10-02 06:21:49 Collection finished sources=3 success=3 failed=0 before=320 after=239 sha256=358ab9eea383
2026-10-02 12:21:53 Sources count: 3
2026-10-02 12:21:53 Downloading igareck_mobile
2026-10-02 12:21:53 Downloaded igareck_mobile chars=21314
2026-10-02 12:21:53 OK igareck_mobile links=57
2026-10-02 12:21:53 Downloading igareck_full
2026-10-02 12:21:53 Downloaded igareck_full chars=14113
2026-10-02 12:21:53 OK igareck_full links=41
2026-10-02 12:21:53 Downloading openproxylist_v2ray
2026-10-02 12:21:54 Downloaded openproxylist_v2ray chars=38886
2026-10-02 12:21:54 OK openproxylist_v2ray links=101
2026-10-02 12:21:54 Collection finished sources=3 success=3 failed=0 before=199 after=157 sha256=ba75a467a73d
2026-10-02 18:21:18 Sources count: 3
2026-10-02 18:21:18 Downloading igareck_mobile
2026-10-02 18:21:18 Downloaded igareck_mobile chars=43299
2026-10-02 18:21:18 OK igareck_mobile links=146
2026-10-02 18:21:18 Downloading igareck_full
2026-10-02 18:21:18 Downloaded igareck_full chars=31766
2026-10-02 18:21:18 OK igareck_full links=111
2026-10-02 18:21:18 Downloading openproxylist_v2ray
2026-10-02 18:21:19 Downloaded openproxylist_v2ray chars=36046
2026-10-02 18:21:19 OK openproxylist_v2ray links=73
2026-10-02 18:21:19 Collection finished sources=3 success=3 failed=0 before=330 after=260 sha256=ce83557d6557
2026-10-03 00:22:40 Sources count: 3
2026-10-03 00:22:40 Downloading igareck_mobile
2026-10-03 00:22:40 Downloaded igareck_mobile chars=42275
2026-10-03 00:22:40 OK igareck_mobile links=112
2026-10-03 00:22:40 Downloading igareck_full
2026-10-03 00:22:40 Downloaded igareck_full chars=48142
2026-10-03 00:22:40 OK igareck_full links=164
2026-10-03 00:22:40 Downloading openproxylist_v2ray
2026-10-03 00:22:41 Downloaded openproxylist_v2ray chars=36204
2026-10-03 00:22:41 OK openproxylist_v2ray links=78
2026-10-03 00:22:41 Collection finished sources=3 success=3 failed=0 before=354 after=321 sha256=0cd8ca79788a
2026-10-03 06:24:26 Sources count: 3
2026-10-03 06:24:26 Downloading igareck_mobile
2026-10-03 06:24:26 Downloaded igareck_mobile chars=41526
2026-10-03 06:24:26 OK igareck_mobile links=125
2026-10-03 06:24:26 Downloading igareck_full
2026-10-03 06:24:26 Downloaded igareck_full chars=66163
2026-10-03 06:24:26 OK igareck_full links=228
2026-10-03 06:24:26 Downloading openproxylist_v2ray
2026-10-03 06:24:27 Downloaded openproxylist_v2ray chars=40061
2026-10-03 06:24:27 OK openproxylist_v2ray links=81
2026-10-03 06:24:27 Collection finished sources=3 success=3 failed=0 before=434 after=304 sha256=c14b999d4e77
2026-10-03 15:01:10 Sources count: 3
2026-10-03 15:01:10 Downloading igareck_mobile
2026-10-03 15:01:10 Downloaded igareck_mobile chars=46000
2026-10-03 15:01:10 OK igareck_mobile links=144
2026-10-03 15:01:10 Downloading igareck_full
2026-10-03 15:01:10 Downloaded igareck_full chars=34954
2026-10-03 15:01:10 OK igareck_full links=114
2026-10-03 15:01:10 Downloading openproxylist_v2ray
2026-10-03 15:01:11 Downloaded openproxylist_v2ray chars=38822
2026-10-03 15:01:11 OK openproxylist_v2ray links=99
2026-10-03 15:01:11 Collection finished sources=3 success=3 failed=0 before=357 after=268 sha256=06d837964248
2026-10-03 22:21:32 Sources count: 3
2026-10-03 22:21:32 Downloading igareck_mobile
2026-10-03 22:21:32 Downloaded igareck_mobile chars=45198
2026-10-03 22:21:32 OK igareck_mobile links=133
2026-10-03 22:21:32 Downloading igareck_full
2026-10-03 22:21:33 Downloaded igareck_full chars=47184
2026-10-03 22:21:33 OK igareck_full links=152
2026-10-03 22:21:33 Downloading openproxylist_v2ray
2026-10-03 22:21:33 Downloaded openproxylist_v2ray chars=33721
2026-10-03 22:21:33 OK openproxylist_v2ray links=70
2026-10-03 22:21:33 Collection finished sources=3 success=3 failed=0 before=355 after=220 sha256=991ca594fbca
2026-10-04 03:19:20 Sources count: 3
2026-10-04 03:19:20 Downloading igareck_mobile
2026-10-04 03:19:21 Downloaded igareck_mobile chars=43735
2026-10-04 03:19:21 OK igareck_mobile links=123
2026-10-04 03:19:21 Downloading igareck_full
2026-10-04 03:19:21 Downloaded igareck_full chars=62042
2026-10-04 03:19:21 OK igareck_full links=202
2026-10-04 03:19:21 Downloading openproxylist_v2ray
2026-10-04 03:19:21 Downloaded openproxylist_v2ray chars=33273
2026-10-04 03:19:21 OK openproxylist_v2ray links=102
2026-10-04 03:19:21 Collection finished sources=3 success=3 failed=0 before=427 after=301 sha256=ca5f6fb29971
2026-10-04 11:25:55 Sources count: 3
2026-10-04 11:25:55 Downloading igareck_mobile
2026-10-04 11:25:56 Downloaded igareck_mobile chars=45065
2026-10-04 11:25:56 OK igareck_mobile links=118
2026-10-04 11:25:56 Downloading igareck_full
2026-10-04 11:25:56 Downloaded igareck_full chars=48583
2026-10-04 11:25:56 OK igareck_full links=161
2026-10-04 11:25:56 Downloading openproxylist_v2ray
2026-10-04 11:25:56 Downloaded openproxylist_v2ray chars=35298
2026-10-04 11:25:56 OK openproxylist_v2ray links=64
2026-10-04 11:25:56 Collection finished sources=3 success=3 failed=0 before=343 after=222 sha256=e6dce8e5c44d
2026-10-04 16:58:33 Sources count: 4
2026-10-04 16:58:33 Downloading 0xradikal_top100
2026-10-04 16:58:33 Downloaded 0xradikal_top100 chars=23262
2026-10-04 16:58:33 OK 0xradikal_top100 links=57
2026-10-04 16:58:33 Downloading igareck_mobile
2026-10-04 16:58:33 Downloaded igareck_mobile chars=40826
2026-10-04 16:58:33 OK igareck_mobile links=94
2026-10-04 16:58:33 Downloading igareck_full
2026-10-04 16:58:34 Downloaded igareck_full chars=41971
2026-10-04 16:58:34 OK igareck_full links=140
2026-10-04 16:58:34 Downloading openproxylist_v2ray
2026-10-04 16:58:34 Downloaded openproxylist_v2ray chars=31676
2026-10-04 16:58:34 OK openproxylist_v2ray links=84
2026-10-04 16:58:34 Collection finished sources=4 success=4 failed=0 before=375 after=269 sha256=e5056e381ae1
2026-10-04 18:16:18 Sources count: 4
2026-10-04 18:16:18 Downloading 0xradikal_top100
2026-10-04 18:16:18 Downloaded 0xradikal_top100 chars=23435
2026-10-04 18:16:18 OK 0xradikal_top100 links=58
2026-10-04 18:16:18 Downloading igareck_mobile
2026-10-04 18:16:18 Downloaded igareck_mobile chars=47715
2026-10-04 18:16:18 OK igareck_mobile links=111
2026-10-04 18:16:18 Downloading igareck_full
2026-10-04 18:16:18 Downloaded igareck_full chars=46679
2026-10-04 18:16:18 OK igareck_full links=158
2026-10-04 18:16:18 Downloading openproxylist_v2ray
2026-10-04 18:16:18 Downloaded openproxylist_v2ray chars=38044
2026-10-04 18:16:18 OK openproxylist_v2ray links=92
2026-10-04 18:16:18 Collection finished sources=4 success=4 failed=0 before=419 after=337 sha256=2090ff9df65d
2026-10-05 00:26:23 Sources count: 4
2026-10-05 00:26:23 Downloading 0xradikal_top100
2026-10-05 00:26:23 Downloaded 0xradikal_top100 chars=22626
2026-10-05 00:26:23 OK 0xradikal_top100 links=35
2026-10-05 00:26:23 Downloading igareck_mobile
2026-10-05 00:26:24 Downloaded igareck_mobile chars=40726
2026-10-05 00:26:24 OK igareck_mobile links=125
2026-10-05 00:26:24 Downloading igareck_full
2026-10-05 00:26:24 Downloaded igareck_full chars=91739
2026-10-05 00:26:24 OK igareck_full links=304
2026-10-05 00:26:24 Downloading openproxylist_v2ray
2026-10-05 00:26:24 Downloaded openproxylist_v2ray chars=38249
2026-10-05 00:26:24 OK openproxylist_v2ray links=91
2026-10-05 00:26:24 Collection finished sources=4 success=4 failed=0 before=555 after=414 sha256=de2008702793
2026-10-05 06:26:39 Sources count: 4
2026-10-05 06:26:39 Downloading 0xradikal_top100
2026-10-05 06:26:39 Downloaded 0xradikal_top100 chars=24459
2026-10-05 06:26:39 OK 0xradikal_top100 links=60
2026-10-05 06:26:39 Downloading igareck_mobile
2026-10-05 06:26:39 Downloaded igareck_mobile chars=42432
2026-10-05 06:26:39 OK igareck_mobile links=134
2026-10-05 06:26:39 Downloading igareck_full
2026-10-05 06:26:39 Downloaded igareck_full chars=107565
2026-10-05 06:26:39 OK igareck_full links=358
2026-10-05 06:26:39 Downloading openproxylist_v2ray
2026-10-05 06:26:39 Downloaded openproxylist_v2ray chars=38306
2026-10-05 06:26:39 OK openproxylist_v2ray links=91
2026-10-05 06:26:39 Collection finished sources=4 success=4 failed=0 before=643 after=501 sha256=1ba5f23b4252
2026-10-05 12:23:04 Sources count: 4
2026-10-05 12:23:04 Downloading 0xradikal_top100
2026-10-05 12:23:04 Downloaded 0xradikal_top100 chars=21280
2026-10-05 12:23:04 OK 0xradikal_top100 links=50
2026-10-05 12:23:04 Downloading igareck_mobile
2026-10-05 12:23:04 Downloaded igareck_mobile chars=9867
2026-10-05 12:23:04 OK igareck_mobile links=16
2026-10-05 12:23:04 Downloading igareck_full
2026-10-05 12:23:04 Downloaded igareck_full chars=3988
2026-10-05 12:23:04 OK igareck_full links=12
2026-10-05 12:23:04 Downloading openproxylist_v2ray
2026-10-05 12:23:05 Downloaded openproxylist_v2ray chars=37466
2026-10-05 12:23:05 OK openproxylist_v2ray links=87
2026-10-05 12:23:05 Collection finished sources=4 success=4 failed=0 before=165 after=147 sha256=d2dc7ed64c04
2026-10-05 18:21:25 Sources count: 4
2026-10-05 18:21:25 Downloading 0xradikal_top100
2026-10-05 18:21:25 Downloaded 0xradikal_top100 chars=23002
2026-10-05 18:21:25 OK 0xradikal_top100 links=50
2026-10-05 18:21:25 Downloading igareck_mobile
2026-10-05 18:21:26 Downloaded igareck_mobile chars=48427
2026-10-05 18:21:26 OK igareck_mobile links=102
2026-10-05 18:21:26 Downloading igareck_full
2026-10-05 18:21:26 Downloaded igareck_full chars=37678
2026-10-05 18:21:26 OK igareck_full links=122
2026-10-05 18:21:26 Downloading openproxylist_v2ray
2026-10-05 18:21:26 Downloaded openproxylist_v2ray chars=37723
2026-10-05 18:21:26 OK openproxylist_v2ray links=92
2026-10-05 18:21:26 Collection finished sources=4 success=4 failed=0 before=366 after=259 sha256=6f4d98aeabc2
2026-10-06 00:27:00 Sources count: 4
2026-10-06 00:27:00 Downloading 0xradikal_top100
2026-10-06 00:27:00 Downloaded 0xradikal_top100 chars=24260
2026-10-06 00:27:00 OK 0xradikal_top100 links=59
2026-10-06 00:27:00 Downloading igareck_mobile
2026-10-06 00:27:00 Downloaded igareck_mobile chars=49682
2026-10-06 00:27:00 OK igareck_mobile links=101
2026-10-06 00:27:00 Downloading igareck_full
2026-10-06 00:27:00 Downloaded igareck_full chars=58745
2026-10-06 00:27:00 OK igareck_full links=193
2026-10-06 00:27:00 Downloading openproxylist_v2ray
2026-10-06 00:27:01 Downloaded openproxylist_v2ray chars=36105
2026-10-06 00:27:01 OK openproxylist_v2ray links=112
2026-10-06 00:27:01 Collection finished sources=4 success=4 failed=0 before=465 after=357 sha256=24f0d5af7658
2026-10-06 06:22:03 Sources count: 4
2026-10-06 06:22:03 Downloading 0xradikal_top100
2026-10-06 06:22:03 Downloaded 0xradikal_top100 chars=23293
2026-10-06 06:22:03 OK 0xradikal_top100 links=57
2026-10-06 06:22:03 Downloading igareck_mobile
2026-10-06 06:22:03 Downloaded igareck_mobile chars=49916
2026-10-06 06:22:03 OK igareck_mobile links=119
2026-10-06 06:22:03 Downloading igareck_full
2026-10-06 06:22:03 Downloaded igareck_full chars=166628
2026-10-06 06:22:03 OK igareck_full links=516
2026-10-06 06:22:03 Downloading openproxylist_v2ray
2026-10-06 06:22:24 ERROR openproxylist_v2ray: The read operation timed out
2026-10-06 06:22:24 Collection finished sources=4 success=3 failed=1 before=692 after=573 sha256=5b62f5e71118
2026-10-06 12:21:26 Sources count: 4
2026-10-06 12:21:26 Downloading 0xradikal_top100
2026-10-06 12:21:26 Downloaded 0xradikal_top100 chars=23483
2026-10-06 12:21:26 OK 0xradikal_top100 links=48
2026-10-06 12:21:26 Downloading igareck_mobile
2026-10-06 12:21:26 Downloaded igareck_mobile chars=47144
2026-10-06 12:21:26 OK igareck_mobile links=103
2026-10-06 12:21:26 Downloading igareck_full
2026-10-06 12:21:26 Downloaded igareck_full chars=37374
2026-10-06 12:21:26 OK igareck_full links=126
2026-10-06 12:21:26 Downloading openproxylist_v2ray
2026-10-06 12:21:26 Downloaded openproxylist_v2ray chars=36576
2026-10-06 12:21:26 OK openproxylist_v2ray links=95
2026-10-06 12:21:26 Collection finished sources=4 success=4 failed=0 before=372 after=268 sha256=d8f13740679a
2026-10-06 18:18:53 Sources count: 4
2026-10-06 18:18:53 Downloading 0xradikal_top100
2026-10-06 18:18:53 Downloaded 0xradikal_top100 chars=21208
2026-10-06 18:18:53 OK 0xradikal_top100 links=65
2026-10-06 18:18:53 Downloading igareck_mobile
2026-10-06 18:18:53 Downloaded igareck_mobile chars=49316
2026-10-06 18:18:53 OK igareck_mobile links=100
2026-10-06 18:18:53 Downloading igareck_full
2026-10-06 18:18:53 Downloaded igareck_full chars=42391
2026-10-06 18:18:53 OK igareck_full links=133
2026-10-06 18:18:53 Downloading openproxylist_v2ray
2026-10-06 18:18:54 Downloaded openproxylist_v2ray chars=37218
2026-10-06 18:18:54 OK openproxylist_v2ray links=104
2026-10-06 18:18:54 Collection finished sources=4 success=4 failed=0 before=402 after=327 sha256=ebef17f34f7b
2026-10-07 00:27:35 Sources count: 4
2026-10-07 00:27:35 Downloading 0xradikal_top100
2026-10-07 00:27:36 Downloaded 0xradikal_top100 chars=23175
2026-10-07 00:27:36 OK 0xradikal_top100 links=60
2026-10-07 00:27:36 Downloading igareck_mobile
2026-10-07 00:27:36 Downloaded igareck_mobile chars=47857
2026-10-07 00:27:36 OK igareck_mobile links=96
2026-10-07 00:27:36 Downloading igareck_full
2026-10-07 00:27:36 Downloaded igareck_full chars=90219
2026-10-07 00:27:36 OK igareck_full links=308
2026-10-07 00:27:36 Downloading openproxylist_v2ray
2026-10-07 00:27:36 Downloaded openproxylist_v2ray chars=34737
2026-10-07 00:27:36 OK openproxylist_v2ray links=89
2026-10-07 00:27:36 Collection finished sources=4 success=4 failed=0 before=553 after=450 sha256=43e39dc53186
2026-10-07 06:21:40 Sources count: 4
2026-10-07 06:21:40 Downloading 0xradikal_top100
2026-10-07 06:21:40 Downloaded 0xradikal_top100 chars=24462
2026-10-07 06:21:40 OK 0xradikal_top100 links=55
2026-10-07 06:21:40 Downloading igareck_mobile
2026-10-07 06:21:40 Downloaded igareck_mobile chars=48569
2026-10-07 06:21:40 OK igareck_mobile links=129
2026-10-07 06:21:40 Downloading igareck_full
2026-10-07 06:21:40 Downloaded igareck_full chars=129361
2026-10-07 06:21:40 OK igareck_full links=405
2026-10-07 06:21:40 Downloading openproxylist_v2ray
2026-10-07 06:21:41 Downloaded openproxylist_v2ray chars=36881
2026-10-07 06:21:41 OK openproxylist_v2ray links=91
2026-10-07 06:21:41 Collection finished sources=4 success=4 failed=0 before=680 after=549 sha256=fe98af1f6730
